Archive member included to satisfy reference by file (symbol)

c:/st/stm32cubeide_1.12.1/stm32cubeide/plugins/com.st.stm32cube.ide.mcu.externaltools.gnu-tools-for-stm32.10.3-2021.10.win32_1.0.200.202301161003/tools/bin/../lib/gcc/arm-none-eabi/10.3.1/../../../../arm-none-eabi/lib/thumb/v7e-m+fp/hard\libc_nano.a(lib_a-errno.o)
                              ./Core/Src/syscalls.o (__errno)
c:/st/stm32cubeide_1.12.1/stm32cubeide/plugins/com.st.stm32cube.ide.mcu.externaltools.gnu-tools-for-stm32.10.3-2021.10.win32_1.0.200.202301161003/tools/bin/../lib/gcc/arm-none-eabi/10.3.1/../../../../arm-none-eabi/lib/thumb/v7e-m+fp/hard\libc_nano.a(lib_a-exit.o)
                              c:/st/stm32cubeide_1.12.1/stm32cubeide/plugins/com.st.stm32cube.ide.mcu.externaltools.gnu-tools-for-stm32.10.3-2021.10.win32_1.0.200.202301161003/tools/bin/../lib/gcc/arm-none-eabi/10.3.1/../../../../arm-none-eabi/lib/thumb/v7e-m+fp/hard/crt0.o (exit)
c:/st/stm32cubeide_1.12.1/stm32cubeide/plugins/com.st.stm32cube.ide.mcu.externaltools.gnu-tools-for-stm32.10.3-2021.10.win32_1.0.200.202301161003/tools/bin/../lib/gcc/arm-none-eabi/10.3.1/../../../../arm-none-eabi/lib/thumb/v7e-m+fp/hard\libc_nano.a(lib_a-impure.o)
                              c:/st/stm32cubeide_1.12.1/stm32cubeide/plugins/com.st.stm32cube.ide.mcu.externaltools.gnu-tools-for-stm32.10.3-2021.10.win32_1.0.200.202301161003/tools/bin/../lib/gcc/arm-none-eabi/10.3.1/../../../../arm-none-eabi/lib/thumb/v7e-m+fp/hard\libc_nano.a(lib_a-exit.o) (_global_impure_ptr)
c:/st/stm32cubeide_1.12.1/stm32cubeide/plugins/com.st.stm32cube.ide.mcu.externaltools.gnu-tools-for-stm32.10.3-2021.10.win32_1.0.200.202301161003/tools/bin/../lib/gcc/arm-none-eabi/10.3.1/../../../../arm-none-eabi/lib/thumb/v7e-m+fp/hard\libc_nano.a(lib_a-init.o)
                              c:/st/stm32cubeide_1.12.1/stm32cubeide/plugins/com.st.stm32cube.ide.mcu.externaltools.gnu-tools-for-stm32.10.3-2021.10.win32_1.0.200.202301161003/tools/bin/../lib/gcc/arm-none-eabi/10.3.1/../../../../arm-none-eabi/lib/thumb/v7e-m+fp/hard/crt0.o (__libc_init_array)
c:/st/stm32cubeide_1.12.1/stm32cubeide/plugins/com.st.stm32cube.ide.mcu.externaltools.gnu-tools-for-stm32.10.3-2021.10.win32_1.0.200.202301161003/tools/bin/../lib/gcc/arm-none-eabi/10.3.1/../../../../arm-none-eabi/lib/thumb/v7e-m+fp/hard\libc_nano.a(lib_a-memset.o)
                              c:/st/stm32cubeide_1.12.1/stm32cubeide/plugins/com.st.stm32cube.ide.mcu.externaltools.gnu-tools-for-stm32.10.3-2021.10.win32_1.0.200.202301161003/tools/bin/../lib/gcc/arm-none-eabi/10.3.1/../../../../arm-none-eabi/lib/thumb/v7e-m+fp/hard/crt0.o (memset)
c:/st/stm32cubeide_1.12.1/stm32cubeide/plugins/com.st.stm32cube.ide.mcu.externaltools.gnu-tools-for-stm32.10.3-2021.10.win32_1.0.200.202301161003/tools/bin/../lib/gcc/arm-none-eabi/10.3.1/../../../../arm-none-eabi/lib/thumb/v7e-m+fp/hard\libc_nano.a(lib_a-strcmp.o)
                              ./Core/Src/main.o (strcmp)
c:/st/stm32cubeide_1.12.1/stm32cubeide/plugins/com.st.stm32cube.ide.mcu.externaltools.gnu-tools-for-stm32.10.3-2021.10.win32_1.0.200.202301161003/tools/bin/../lib/gcc/arm-none-eabi/10.3.1/thumb/v7e-m+fp/hard\libgcc.a(_aeabi_uldivmod.o)
                              ./Drivers/STM32L4xx_HAL_Driver/Src/stm32l4xx_hal_uart.o (__aeabi_uldivmod)
c:/st/stm32cubeide_1.12.1/stm32cubeide/plugins/com.st.stm32cube.ide.mcu.externaltools.gnu-tools-for-stm32.10.3-2021.10.win32_1.0.200.202301161003/tools/bin/../lib/gcc/arm-none-eabi/10.3.1/thumb/v7e-m+fp/hard\libgcc.a(_udivmoddi4.o)
                              c:/st/stm32cubeide_1.12.1/stm32cubeide/plugins/com.st.stm32cube.ide.mcu.externaltools.gnu-tools-for-stm32.10.3-2021.10.win32_1.0.200.202301161003/tools/bin/../lib/gcc/arm-none-eabi/10.3.1/thumb/v7e-m+fp/hard\libgcc.a(_aeabi_uldivmod.o) (__udivmoddi4)
c:/st/stm32cubeide_1.12.1/stm32cubeide/plugins/com.st.stm32cube.ide.mcu.externaltools.gnu-tools-for-stm32.10.3-2021.10.win32_1.0.200.202301161003/tools/bin/../lib/gcc/arm-none-eabi/10.3.1/thumb/v7e-m+fp/hard\libgcc.a(_dvmd_tls.o)
                              c:/st/stm32cubeide_1.12.1/stm32cubeide/plugins/com.st.stm32cube.ide.mcu.externaltools.gnu-tools-for-stm32.10.3-2021.10.win32_1.0.200.202301161003/tools/bin/../lib/gcc/arm-none-eabi/10.3.1/thumb/v7e-m+fp/hard\libgcc.a(_aeabi_uldivmod.o) (__aeabi_ldiv0)

Discarded input sections

 .text          0x0000000000000000        0x0 c:/st/stm32cubeide_1.12.1/stm32cubeide/plugins/com.st.stm32cube.ide.mcu.externaltools.gnu-tools-for-stm32.10.3-2021.10.win32_1.0.200.202301161003/tools/bin/../lib/gcc/arm-none-eabi/10.3.1/thumb/v7e-m+fp/hard/crti.o
 .data          0x0000000000000000        0x0 c:/st/stm32cubeide_1.12.1/stm32cubeide/plugins/com.st.stm32cube.ide.mcu.externaltools.gnu-tools-for-stm32.10.3-2021.10.win32_1.0.200.202301161003/tools/bin/../lib/gcc/arm-none-eabi/10.3.1/thumb/v7e-m+fp/hard/crti.o
[...]
Memory Configuration

Name             Origin             Length             Attributes
RAM              0x0000000020000000 0x0000000000010000 xrw
RAM2             0x0000000010000000 0x0000000000004000 xrw
FLASH            0x0000000008000000 0x0000000000040000 xr
*default*        0x0000000000000000 0xffffffffffffffff

Linker script and memory map

LOAD c:/st/stm32cubeide_1.12.1/stm32cubeide/plugins/com.st.stm32cube.ide.mcu.externaltools.gnu-tools-for-stm32.10.3-2021.10.win32_1.0.200.202301161003/tools/bin/../lib/gcc/arm-none-eabi/10.3.1/thumb/v7e-m+fp/hard/crti.o
LOAD c:/st/stm32cubeide_1.12.1/stm32cubeide/plugins/com.st.stm32cube.ide.mcu.externaltools.gnu-tools-for-stm32.10.3-2021.10.win32_1.0.200.202301161003/tools/bin/../lib/gcc/arm-none-eabi/10.3.1/thumb/v7e-m+fp/hard/crtbegin.o
LOAD c:/st/stm32cubeide_1.12.1/stm32cubeide/plugins/com.st.stm32cube.ide.mcu.externaltools.gnu-tools-for-stm32.10.3-2021.10.win32_1.0.200.202301161003/tools/bin/../lib/gcc/arm-none-eabi/10.3.1/../../../../arm-none-eabi/lib/thumb/v7e-m+fp/hard/crt0.o
LOAD ./Core/Inc/fsm.o
LOAD ./Core/Inc/read_signals.o
LOAD ./Core/Inc/xbee.o
LOAD ./Core/Src/main.o
LOAD ./Core/Src/stm32l4xx_hal_msp.o
LOAD ./Core/Src/stm32l4xx_it.o
LOAD ./Core/Src/syscalls.o
LOAD ./Core/Src/sysmem.o
LOAD ./Core/Src/system_stm32l4xx.o
LOAD ./Core/Startup/startup_stm32l432kcux.o
LOAD ./Drivers/STM32L4xx_HAL_Driver/Src/stm32l4xx_hal.o
LOAD ./Drivers/STM32L4xx_HAL_Driver/Src/stm32l4xx_hal_cortex.o
LOAD ./Drivers/STM32L4xx_HAL_Driver/Src/stm32l4xx_hal_dma.o
LOAD ./Drivers/STM32L4xx_HAL_Driver/Src/stm32l4xx_hal_dma_ex.o
LOAD ./Drivers/STM32L4xx_HAL_Driver/Src/stm32l4xx_hal_exti.o
LOAD ./Drivers/STM32L4xx_HAL_Driver/Src/stm32l4xx_hal_flash.o
LOAD ./Drivers/STM32L4xx_HAL_Driver/Src/stm32l4xx_hal_flash_ex.o
LOAD ./Drivers/STM32L4xx_HAL_Driver/Src/stm32l4xx_hal_flash_ramfunc.o
LOAD ./Drivers/STM32L4xx_HAL_Driver/Src/stm32l4xx_hal_gpio.o
LOAD ./Drivers/STM32L4xx_HAL_Driver/Src/stm32l4xx_hal_pwr.o
LOAD ./Drivers/STM32L4xx_HAL_Driver/Src/stm32l4xx_hal_pwr_ex.o
LOAD ./Drivers/STM32L4xx_HAL_Driver/Src/stm32l4xx_hal_rcc.o
LOAD ./Drivers/STM32L4xx_HAL_Driver/Src/stm32l4xx_hal_rcc_ex.o
LOAD ./Drivers/STM32L4xx_HAL_Driver/Src/stm32l4xx_hal_tim.o
LOAD ./Drivers/STM32L4xx_HAL_Driver/Src/stm32l4xx_hal_tim_ex.o
LOAD ./Drivers/STM32L4xx_HAL_Driver/Src/stm32l4xx_hal_uart.o
LOAD ./Drivers/STM32L4xx_HAL_Driver/Src/stm32l4xx_hal_uart_ex.o
START GROUP
LOAD c:/st/stm32cubeide_1.12.1/stm32cubeide/plugins/com.st.stm32cube.ide.mcu.externaltools.gnu-tools-for-stm32.10.3-2021.10.win32_1.0.200.202301161003/tools/bin/../lib/gcc/arm-none-eabi/10.3.1/../../../../arm-none-eabi/lib/thumb/v7e-m+fp/hard\libc_nano.a
LOAD c:/st/stm32cubeide_1.12.1/stm32cubeide/plugins/com.st.stm32cube.ide.mcu.externaltools.gnu-tools-for-stm32.10.3-2021.10.win32_1.0.200.202301161003/tools/bin/../lib/gcc/arm-none-eabi/10.3.1/../../../../arm-none-eabi/lib/thumb/v7e-m+fp/hard\libm.a
END GROUP
START GROUP
LOAD c:/st/stm32cubeide_1.12.1/stm32cubeide/plugins/com.st.stm32cube.ide.mcu.externaltools.gnu-tools-for-stm32.10.3-2021.10.win32_1.0.200.202301161003/tools/bin/../lib/gcc/arm-none-eabi/10.3.1/thumb/v7e-m+fp/hard\libgcc.a
LOAD c:/st/stm32cubeide_1.12.1/stm32cubeide/plugins/com.st.stm32cube.ide.mcu.externaltools.gnu-tools-for-stm32.10.3-2021.10.win32_1.0.200.202301161003/tools/bin/../lib/gcc/arm-none-eabi/10.3.1/../../../../arm-none-eabi/lib/thumb/v7e-m+fp/hard\libc_nano.a
END GROUP
START GROUP
LOAD c:/st/stm32cubeide_1.12.1/stm32cubeide/plugins/com.st.stm32cube.ide.mcu.externaltools.gnu-tools-for-stm32.10.3-2021.10.win32_1.0.200.202301161003/tools/bin/../lib/gcc/arm-none-eabi/10.3.1/thumb/v7e-m+fp/hard\libgcc.a
LOAD c:/st/stm32cubeide_1.12.1/stm32cubeide/plugins/com.st.stm32cube.ide.mcu.externaltools.gnu-tools-for-stm32.10.3-2021.10.win32_1.0.200.202301161003/tools/bin/../lib/gcc/arm-none-eabi/10.3.1/../../../../arm-none-eabi/lib/thumb/v7e-m+fp/hard\libc_nano.a
LOAD c:/st/stm32cubeide_1.12.1/stm32cubeide/plugins/com.st.stm32cube.ide.mcu.externaltools.gnu-tools-for-stm32.10.3-2021.10.win32_1.0.200.202301161003/tools/bin/../lib/gcc/arm-none-eabi/10.3.1/../../../../arm-none-eabi/lib/thumb/v7e-m+fp/hard\libnosys.a
END GROUP
START GROUP
LOAD c:/st/stm32cubeide_1.12.1/stm32cubeide/plugins/com.st.stm32cube.ide.mcu.externaltools.gnu-tools-for-stm32.10.3-2021.10.win32_1.0.200.202301161003/tools/bin/../lib/gcc/arm-none-eabi/10.3.1/thumb/v7e-m+fp/hard\libgcc.a
LOAD c:/st/stm32cubeide_1.12.1/stm32cubeide/plugins/com.st.stm32cube.ide.mcu.externaltools.gnu-tools-for-stm32.10.3-2021.10.win32_1.0.200.202301161003/tools/bin/../lib/gcc/arm-none-eabi/10.3.1/../../../../arm-none-eabi/lib/thumb/v7e-m+fp/hard\libc_nano.a
LOAD c:/st/stm32cubeide_1.12.1/stm32cubeide/plugins/com.st.stm32cube.ide.mcu.externaltools.gnu-tools-for-stm32.10.3-2021.10.win32_1.0.200.202301161003/tools/bin/../lib/gcc/arm-none-eabi/10.3.1/../../../../arm-none-eabi/lib/thumb/v7e-m+fp/hard\libnosys.a
END GROUP
LOAD c:/st/stm32cubeide_1.12.1/stm32cubeide/plugins/com.st.stm32cube.ide.mcu.externaltools.gnu-tools-for-stm32.10.3-2021.10.win32_1.0.200.202301161003/tools/bin/../lib/gcc/arm-none-eabi/10.3.1/thumb/v7e-m+fp/hard/crtend.o
LOAD c:/st/stm32cubeide_1.12.1/stm32cubeide/plugins/com.st.stm32cube.ide.mcu.externaltools.gnu-tools-for-stm32.10.3-2021.10.win32_1.0.200.202301161003/tools/bin/../lib/gcc/arm-none-eabi/10.3.1/thumb/v7e-m+fp/hard/crtn.o
                0x0000000020010000                _estack = (ORIGIN (RAM) + LENGTH (RAM))
                0x0000000000000200                _Min_Heap_Size = 0x200
                0x0000000000000400                _Min_Stack_Size = 0x400

.isr_vector     0x0000000008000000      0x18c
                0x0000000008000000                . = ALIGN (0x4)
 *(.isr_vector)
 .isr_vector    0x0000000008000000      0x18c ./Core/Startup/startup_stm32l432kcux.o
                0x0000000008000000                g_pfnVectors
                0x000000000800018c                . = ALIGN (0x4)

.text           0x000000000800018c     0x520c
                0x000000000800018c                . = ALIGN (0x4)
 *(.text)
 .text          0x000000000800018c       0x40 c:/st/stm32cubeide_1.12.1/stm32cubeide/plugins/com.st.stm32cube.ide.mcu.externaltools.gnu-tools-for-stm32.10.3-2021.10.win32_1.0.200.202301161003/tools/bin/../lib/gcc/arm-none-eabi/10.3.1/thumb/v7e-m+fp/hard/crtbegin.o
 .text          0x00000000080001cc       0x14 c:/st/stm32cubeide_1.12.1/stm32cubeide/plugins/com.st.stm32cube.ide.mcu.externaltools.gnu-tools-for-stm32.10.3-2021.10.win32_1.0.200.202301161003/tools/bin/../lib/gcc/arm-none-eabi/10.3.1/../../../../arm-none-eabi/lib/thumb/v7e-m+fp/hard\libc_nano.a(lib_a-strcmp.o)
                0x00000000080001cc                strcmp
 .text          0x00000000080001e0       0x30 c:/st/stm32cubeide_1.12.1/stm32cubeide/plugins/com.st.stm32cube.ide.mcu.externaltools.gnu-tools-for-stm32.10.3-2021.10.win32_1.0.200.202301161003/tools/bin/../lib/gcc/arm-none-eabi/10.3.1/thumb/v7e-m+fp/hard\libgcc.a(_aeabi_uldivmod.o)
                0x00000000080001e0                __aeabi_uldivmod
 .text          0x0000000008000210      0x2d0 c:/st/stm32cubeide_1.12.1/stm32cubeide/plugins/com.st.stm32cube.ide.mcu.externaltools.gnu-tools-for-stm32.10.3-2021.10.win32_1.0.200.202301161003/tools/bin/../lib/gcc/arm-none-eabi/10.3.1/thumb/v7e-m+fp/hard\libgcc.a(_udivmoddi4.o)
                0x0000000008000210                __udivmoddi4
 .text          0x00000000080004e0        0x4 c:/st/stm32cubeide_1.12.1/stm32cubeide/plugins/com.st.stm32cube.ide.mcu.externaltools.gnu-tools-for-stm32.10.3-2021.10.win32_1.0.200.202301161003/tools/bin/../lib/gcc/arm-none-eabi/10.3.1/thumb/v7e-m+fp/hard\libgcc.a(_dvmd_tls.o)
                0x00000000080004e0                __aeabi_idiv0
                0x00000000080004e0                __aeabi_ldiv0
 *(.text*)
 .text.fsm_state_change
                0x00000000080004e4       0x9c ./Core/Inc/fsm.o
                0x00000000080004e4                fsm_state_change
 .text.fsm_state_action
                0x0000000008000580       0xf0 ./Core/Inc/fsm.o
                0x0000000008000580                fsm_state_action
 .text.main     0x0000000008000670       0x54 ./Core/Src/main.o
                0x0000000008000670                main
 .text.SystemClock_Config
                0x00000000080006c4       0xc4 ./Core/Src/main.o
                0x00000000080006c4                SystemClock_Config
 .text.MX_TIM1_Init
                0x0000000008000788       0xa8 ./Core/Src/main.o
 .text.MX_TIM2_Init
                0x0000000008000830       0xec ./Core/Src/main.o
 .text.MX_TIM6_Init
                0x000000000800091c       0x6c ./Core/Src/main.o
 .text.MX_USART1_UART_Init
                0x0000000008000988       0x64 ./Core/Src/main.o
 .text.MX_USART2_UART_Init
                0x00000000080009ec       0x60 ./Core/Src/main.o
 .text.MX_GPIO_Init
                0x0000000008000a4c       0xdc ./Core/Src/main.o
 .text.HAL_TIM_PeriodElapsedCallback
                0x0000000008000b28       0x20 ./Core/Src/main.o
                0x0000000008000b28                HAL_TIM_PeriodElapsedCallback
 .text.HAL_UART_RxCpltCallback
                0x0000000008000b48       0xa0 ./Core/Src/main.o
                0x0000000008000b48                HAL_UART_RxCpltCallback
 .text.main_tick
                0x0000000008000be8       0x5c ./Core/Src/main.o
                0x0000000008000be8                main_tick
 .text.status_led
                0x0000000008000c44       0x30 ./Core/Src/main.o
                0x0000000008000c44                status_led
 .text.Error_Handler
                0x0000000008000c74        0xa ./Core/Src/main.o
                0x0000000008000c74                Error_Handler
 *fill*         0x0000000008000c7e        0x2 
 .text.HAL_MspInit
                0x0000000008000c80       0x48 ./Core/Src/stm32l4xx_hal_msp.o
                0x0000000008000c80                HAL_MspInit
 .text.HAL_TIM_Base_MspInit
                0x0000000008000cc8       0x98 ./Core/Src/stm32l4xx_hal_msp.o
                0x0000000008000cc8                HAL_TIM_Base_MspInit
 .text.HAL_TIM_MspPostInit
                0x0000000008000d60       0xb4 ./Core/Src/stm32l4xx_hal_msp.o
                0x0000000008000d60                HAL_TIM_MspPostInit
 .text.HAL_UART_MspInit
                0x0000000008000e14      0x164 ./Core/Src/stm32l4xx_hal_msp.o
                0x0000000008000e14                HAL_UART_MspInit
 .text.NMI_Handler
                0x0000000008000f78        0x6 ./Core/Src/stm32l4xx_it.o
                0x0000000008000f78                NMI_Handler
 .text.HardFault_Handler
                0x0000000008000f7e        0x6 ./Core/Src/stm32l4xx_it.o
                0x0000000008000f7e                HardFault_Handler
 .text.MemManage_Handler
                0x0000000008000f84        0x6 ./Core/Src/stm32l4xx_it.o
                0x0000000008000f84                MemManage_Handler
 .text.BusFault_Handler
                0x0000000008000f8a        0x6 ./Core/Src/stm32l4xx_it.o
                0x0000000008000f8a                BusFault_Handler
 .text.UsageFault_Handler
                0x0000000008000f90        0x6 ./Core/Src/stm32l4xx_it.o
                0x0000000008000f90                UsageFault_Handler
 .text.SVC_Handler
                0x0000000008000f96        0xe ./Core/Src/stm32l4xx_it.o
                0x0000000008000f96                SVC_Handler
 .text.DebugMon_Handler
                0x0000000008000fa4        0xe ./Core/Src/stm32l4xx_it.o
                0x0000000008000fa4                DebugMon_Handler
 .text.PendSV_Handler
                0x0000000008000fb2        0xe ./Core/Src/stm32l4xx_it.o
                0x0000000008000fb2                PendSV_Handler
 .text.SysTick_Handler
                0x0000000008000fc0        0xc ./Core/Src/stm32l4xx_it.o
                0x0000000008000fc0                SysTick_Handler
 .text.USART1_IRQHandler
                0x0000000008000fcc       0x14 ./Core/Src/stm32l4xx_it.o
                0x0000000008000fcc                USART1_IRQHandler
 .text.TIM6_DAC_IRQHandler
                0x0000000008000fe0       0x14 ./Core/Src/stm32l4xx_it.o
                0x0000000008000fe0                TIM6_DAC_IRQHandler
 .text.SystemInit
                0x0000000008000ff4       0x24 ./Core/Src/system_stm32l4xx.o
                0x0000000008000ff4                SystemInit
 .text.Reset_Handler
                0x0000000008001018       0x50 ./Core/Startup/startup_stm32l432kcux.o
                0x0000000008001018                Reset_Handler
 .text.Default_Handler
                0x0000000008001068        0x2 ./Core/Startup/startup_stm32l432kcux.o
                0x0000000008001068                RTC_Alarm_IRQHandler
                0x0000000008001068                EXTI2_IRQHandler
                0x0000000008001068                TIM1_CC_IRQHandler
                0x0000000008001068                TSC_IRQHandler
                0x0000000008001068                TAMP_STAMP_IRQHandler
                0x0000000008001068                EXTI3_IRQHandler
                0x0000000008001068                LPTIM2_IRQHandler
                0x0000000008001068                I2C3_ER_IRQHandler
                0x0000000008001068                EXTI0_IRQHandler
                0x0000000008001068                CAN1_RX0_IRQHandler
                0x0000000008001068                FPU_IRQHandler
                0x0000000008001068                TIM1_UP_TIM16_IRQHandler
                0x0000000008001068                SPI1_IRQHandler
                0x0000000008001068                DMA2_Channel2_IRQHandler
                0x0000000008001068                DMA1_Channel4_IRQHandler
                0x0000000008001068                ADC1_IRQHandler
                0x0000000008001068                DMA1_Channel7_IRQHandler
                0x0000000008001068                CAN1_RX1_IRQHandler
                0x0000000008001068                DMA2_Channel1_IRQHandler
                0x0000000008001068                QUADSPI_IRQHandler
                0x0000000008001068                I2C1_EV_IRQHandler
                0x0000000008001068                DMA1_Channel6_IRQHandler
                0x0000000008001068                DMA2_Channel4_IRQHandler
                0x0000000008001068                RCC_IRQHandler
                0x0000000008001068                TIM1_TRG_COM_IRQHandler
                0x0000000008001068                DMA1_Channel1_IRQHandler
                0x0000000008001068                Default_Handler
                0x0000000008001068                DMA2_Channel7_IRQHandler
                0x0000000008001068                EXTI15_10_IRQHandler
                0x0000000008001068                TIM7_IRQHandler
                0x0000000008001068                I2C3_EV_IRQHandler
                0x0000000008001068                USB_IRQHandler
                0x0000000008001068                EXTI9_5_IRQHandler
                0x0000000008001068                RTC_WKUP_IRQHandler
                0x0000000008001068                PVD_PVM_IRQHandler
                0x0000000008001068                CAN1_TX_IRQHandler
                0x0000000008001068                DMA2_Channel5_IRQHandler
                0x0000000008001068                CRS_IRQHandler
                0x0000000008001068                DMA1_Channel5_IRQHandler
                0x0000000008001068                EXTI4_IRQHandler
                0x0000000008001068                RNG_IRQHandler
                0x0000000008001068                DMA1_Channel3_IRQHandler
                0x0000000008001068                COMP_IRQHandler
                0x0000000008001068                WWDG_IRQHandler
                0x0000000008001068                LPUART1_IRQHandler
                0x0000000008001068                DMA2_Channel6_IRQHandler
                0x0000000008001068                TIM2_IRQHandler
                0x0000000008001068                EXTI1_IRQHandler
                0x0000000008001068                USART2_IRQHandler
                0x0000000008001068                DMA1_Channel2_IRQHandler
                0x0000000008001068                CAN1_SCE_IRQHandler
                0x0000000008001068                FLASH_IRQHandler
                0x0000000008001068                SPI3_IRQHandler
                0x0000000008001068                I2C1_ER_IRQHandler
                0x0000000008001068                SWPMI1_IRQHandler
                0x0000000008001068                LPTIM1_IRQHandler
                0x0000000008001068                SAI1_IRQHandler
                0x0000000008001068                DMA2_Channel3_IRQHandler
                0x0000000008001068                TIM1_BRK_TIM15_IRQHandler
 .text.HAL_Init
                0x000000000800106a       0x30 ./Drivers/STM32L4xx_HAL_Driver/Src/stm32l4xx_hal.o
                0x000000000800106a                HAL_Init
 *fill*         0x000000000800109a        0x2 
 .text.HAL_InitTick
                0x000000000800109c       0x78 ./Drivers/STM32L4xx_HAL_Driver/Src/stm32l4xx_hal.o
                0x000000000800109c                HAL_InitTick
 .text.HAL_IncTick
                0x0000000008001114       0x28 ./Drivers/STM32L4xx_HAL_Driver/Src/stm32l4xx_hal.o
                0x0000000008001114                HAL_IncTick
 .text.HAL_GetTick
                0x000000000800113c       0x18 ./Drivers/STM32L4xx_HAL_Driver/Src/stm32l4xx_hal.o
                0x000000000800113c                HAL_GetTick
 .text.__NVIC_SetPriorityGrouping
                0x0000000008001154       0x48 ./Drivers/STM32L4xx_HAL_Driver/Src/stm32l4xx_hal_cortex.o
 .text.__NVIC_GetPriorityGrouping
                0x000000000800119c       0x1c ./Drivers/STM32L4xx_HAL_Driver/Src/stm32l4xx_hal_cortex.o
 .text.__NVIC_EnableIRQ
                0x00000000080011b8       0x3c ./Drivers/STM32L4xx_HAL_Driver/Src/stm32l4xx_hal_cortex.o
 .text.__NVIC_SetPriority
                0x00000000080011f4       0x54 ./Drivers/STM32L4xx_HAL_Driver/Src/stm32l4xx_hal_cortex.o
 .text.NVIC_EncodePriority
                0x0000000008001248       0x66 ./Drivers/STM32L4xx_HAL_Driver/Src/stm32l4xx_hal_cortex.o
 *fill*         0x00000000080012ae        0x2 
 .text.SysTick_Config
                0x00000000080012b0       0x44 ./Drivers/STM32L4xx_HAL_Driver/Src/stm32l4xx_hal_cortex.o
 .text.HAL_NVIC_SetPriorityGrouping
                0x00000000080012f4       0x16 ./Drivers/STM32L4xx_HAL_Driver/Src/stm32l4xx_hal_cortex.o
                0x00000000080012f4                HAL_NVIC_SetPriorityGrouping
 .text.HAL_NVIC_SetPriority
                0x000000000800130a       0x38 ./Drivers/STM32L4xx_HAL_Driver/Src/stm32l4xx_hal_cortex.o
                0x000000000800130a                HAL_NVIC_SetPriority
 .text.HAL_NVIC_EnableIRQ
                0x0000000008001342       0x1c ./Drivers/STM32L4xx_HAL_Driver/Src/stm32l4xx_hal_cortex.o
                0x0000000008001342                HAL_NVIC_EnableIRQ
 .text.HAL_SYSTICK_Config
                0x000000000800135e       0x18 ./Drivers/STM32L4xx_HAL_Driver/Src/stm32l4xx_hal_cortex.o
                0x000000000800135e                HAL_SYSTICK_Config
 .text.HAL_DMA_Abort
                0x0000000008001376       0x7c ./Drivers/STM32L4xx_HAL_Driver/Src/stm32l4xx_hal_dma.o
                0x0000000008001376                HAL_DMA_Abort
 .text.HAL_DMA_Abort_IT
                0x00000000080013f2       0x82 ./Drivers/STM32L4xx_HAL_Driver/Src/stm32l4xx_hal_dma.o
                0x00000000080013f2                HAL_DMA_Abort_IT
 .text.HAL_GPIO_Init
                0x0000000008001474      0x2d4 ./Drivers/STM32L4xx_HAL_Driver/Src/stm32l4xx_hal_gpio.o
                0x0000000008001474                HAL_GPIO_Init
 .text.HAL_GPIO_WritePin
                0x0000000008001748       0x30 ./Drivers/STM32L4xx_HAL_Driver/Src/stm32l4xx_hal_gpio.o
                0x0000000008001748                HAL_GPIO_WritePin
 .text.HAL_GPIO_TogglePin
                0x0000000008001778       0x34 ./Drivers/STM32L4xx_HAL_Driver/Src/stm32l4xx_hal_gpio.o
                0x0000000008001778                HAL_GPIO_TogglePin
 .text.HAL_PWR_EnableBkUpAccess
                0x00000000080017ac       0x20 ./Drivers/STM32L4xx_HAL_Driver/Src/stm32l4xx_hal_pwr.o
                0x00000000080017ac                HAL_PWR_EnableBkUpAccess
 .text.HAL_PWREx_GetVoltageRange
                0x00000000080017cc       0x1c ./Drivers/STM32L4xx_HAL_Driver/Src/stm32l4xx_hal_pwr_ex.o
                0x00000000080017cc                HAL_PWREx_GetVoltageRange
 .text.HAL_PWREx_ControlVoltageScaling
                0x00000000080017e8       0xac ./Drivers/STM32L4xx_HAL_Driver/Src/stm32l4xx_hal_pwr_ex.o
                0x00000000080017e8                HAL_PWREx_ControlVoltageScaling
 .text.HAL_RCC_OscConfig
                0x0000000008001894      0x828 ./Drivers/STM32L4xx_HAL_Driver/Src/stm32l4xx_hal_rcc.o
                0x0000000008001894                HAL_RCC_OscConfig
 .text.HAL_RCC_ClockConfig
                0x00000000080020bc      0x200 ./Drivers/STM32L4xx_HAL_Driver/Src/stm32l4xx_hal_rcc.o
                0x00000000080020bc                HAL_RCC_ClockConfig
 .text.HAL_RCC_GetSysClockFreq
                0x00000000080022bc      0x118 ./Drivers/STM32L4xx_HAL_Driver/Src/stm32l4xx_hal_rcc.o
                0x00000000080022bc                HAL_RCC_GetSysClockFreq
 .text.HAL_RCC_GetHCLKFreq
                0x00000000080023d4       0x18 ./Drivers/STM32L4xx_HAL_Driver/Src/stm32l4xx_hal_rcc.o
                0x00000000080023d4                HAL_RCC_GetHCLKFreq
 .text.HAL_RCC_GetPCLK1Freq
                0x00000000080023ec       0x2c ./Drivers/STM32L4xx_HAL_Driver/Src/stm32l4xx_hal_rcc.o
                0x00000000080023ec                HAL_RCC_GetPCLK1Freq
 .text.HAL_RCC_GetPCLK2Freq
                0x0000000008002418       0x2c ./Drivers/STM32L4xx_HAL_Driver/Src/stm32l4xx_hal_rcc.o
                0x0000000008002418                HAL_RCC_GetPCLK2Freq
 .text.RCC_SetFlashLatencyFromMSIRange
                0x0000000008002444       0xc0 ./Drivers/STM32L4xx_HAL_Driver/Src/stm32l4xx_hal_rcc.o
 .text.HAL_RCCEx_PeriphCLKConfig
                0x0000000008002504      0x3ec ./Drivers/STM32L4xx_HAL_Driver/Src/stm32l4xx_hal_rcc_ex.o
                0x0000000008002504                HAL_RCCEx_PeriphCLKConfig
 .text.HAL_RCCEx_EnableMSIPLLMode
                0x00000000080028f0       0x20 ./Drivers/STM32L4xx_HAL_Driver/Src/stm32l4xx_hal_rcc_ex.o
                0x00000000080028f0                HAL_RCCEx_EnableMSIPLLMode
 .text.RCCEx_PLLSAI1_Config
                0x0000000008002910      0x1e4 ./Drivers/STM32L4xx_HAL_Driver/Src/stm32l4xx_hal_rcc_ex.o
 .text.HAL_TIM_Base_Init
                0x0000000008002af4       0xae ./Drivers/STM32L4xx_HAL_Driver/Src/stm32l4xx_hal_tim.o
                0x0000000008002af4                HAL_TIM_Base_Init
 *fill*         0x0000000008002ba2        0x2 
 .text.HAL_TIM_Base_Start_IT
                0x0000000008002ba4       0xa8 ./Drivers/STM32L4xx_HAL_Driver/Src/stm32l4xx_hal_tim.o
                0x0000000008002ba4                HAL_TIM_Base_Start_IT
 .text.HAL_TIM_PWM_Init
                0x0000000008002c4c       0xae ./Drivers/STM32L4xx_HAL_Driver/Src/stm32l4xx_hal_tim.o
                0x0000000008002c4c                HAL_TIM_PWM_Init
 .text.HAL_TIM_PWM_MspInit
                0x0000000008002cfa       0x14 ./Drivers/STM32L4xx_HAL_Driver/Src/stm32l4xx_hal_tim.o
                0x0000000008002cfa                HAL_TIM_PWM_MspInit
 *fill*         0x0000000008002d0e        0x2 
 .text.HAL_TIM_PWM_Start
                0x0000000008002d10      0x1bc ./Drivers/STM32L4xx_HAL_Driver/Src/stm32l4xx_hal_tim.o
                0x0000000008002d10                HAL_TIM_PWM_Start
 .text.HAL_TIM_PWM_Stop
                0x0000000008002ecc      0x110 ./Drivers/STM32L4xx_HAL_Driver/Src/stm32l4xx_hal_tim.o
                0x0000000008002ecc                HAL_TIM_PWM_Stop
 .text.HAL_TIM_IRQHandler
                0x0000000008002fdc      0x23e ./Drivers/STM32L4xx_HAL_Driver/Src/stm32l4xx_hal_tim.o
                0x0000000008002fdc                HAL_TIM_IRQHandler
 *fill*         0x000000000800321a        0x2 
 .text.HAL_TIM_PWM_ConfigChannel
                0x000000000800321c      0x228 ./Drivers/STM32L4xx_HAL_Driver/Src/stm32l4xx_hal_tim.o
                0x000000000800321c                HAL_TIM_PWM_ConfigChannel
 .text.HAL_TIM_ConfigClockSource
                0x0000000008003444      0x192 ./Drivers/STM32L4xx_HAL_Driver/Src/stm32l4xx_hal_tim.o
                0x0000000008003444                HAL_TIM_ConfigClockSource
 .text.HAL_TIM_OC_DelayElapsedCallback
                0x00000000080035d6       0x14 ./Drivers/STM32L4xx_HAL_Driver/Src/stm32l4xx_hal_tim.o
                0x00000000080035d6                HAL_TIM_OC_DelayElapsedCallback
 .text.HAL_TIM_IC_CaptureCallback
                0x00000000080035ea       0x14 ./Drivers/STM32L4xx_HAL_Driver/Src/stm32l4xx_hal_tim.o
                0x00000000080035ea                HAL_TIM_IC_CaptureCallback
 .text.HAL_TIM_PWM_PulseFinishedCallback
                0x00000000080035fe       0x14 ./Drivers/STM32L4xx_HAL_Driver/Src/stm32l4xx_hal_tim.o
                0x00000000080035fe                HAL_TIM_PWM_PulseFinishedCallback
 .text.HAL_TIM_TriggerCallback
                0x0000000008003612       0x14 ./Drivers/STM32L4xx_HAL_Driver/Src/stm32l4xx_hal_tim.o
                0x0000000008003612                HAL_TIM_TriggerCallback
 *fill*         0x0000000008003626        0x2 
 .text.TIM_Base_SetConfig
                0x0000000008003628       0xc8 ./Drivers/STM32L4xx_HAL_Driver/Src/stm32l4xx_hal_tim.o
                0x0000000008003628                TIM_Base_SetConfig
 .text.TIM_OC1_SetConfig
                0x00000000080036f0       0xf8 ./Drivers/STM32L4xx_HAL_Driver/Src/stm32l4xx_hal_tim.o
 .text.TIM_OC2_SetConfig
                0x00000000080037e8       0xf4 ./Drivers/STM32L4xx_HAL_Driver/Src/stm32l4xx_hal_tim.o
                0x00000000080037e8                TIM_OC2_SetConfig
 .text.TIM_OC3_SetConfig
                0x00000000080038dc       0xf0 ./Drivers/STM32L4xx_HAL_Driver/Src/stm32l4xx_hal_tim.o
 .text.TIM_OC4_SetConfig
                0x00000000080039cc       0xbc ./Drivers/STM32L4xx_HAL_Driver/Src/stm32l4xx_hal_tim.o
 .text.TIM_OC5_SetConfig
                0x0000000008003a88       0xb0 ./Drivers/STM32L4xx_HAL_Driver/Src/stm32l4xx_hal_tim.o
 .text.TIM_OC6_SetConfig
                0x0000000008003b38       0xb4 ./Drivers/STM32L4xx_HAL_Driver/Src/stm32l4xx_hal_tim.o
 .text.TIM_TI1_ConfigInputStage
                0x0000000008003bec       0x5e ./Drivers/STM32L4xx_HAL_Driver/Src/stm32l4xx_hal_tim.o
 .text.TIM_TI2_ConfigInputStage
                0x0000000008003c4a       0x60 ./Drivers/STM32L4xx_HAL_Driver/Src/stm32l4xx_hal_tim.o
 .text.TIM_ITRx_SetConfig
                0x0000000008003caa       0x36 ./Drivers/STM32L4xx_HAL_Driver/Src/stm32l4xx_hal_tim.o
 .text.TIM_ETR_SetConfig
                0x0000000008003ce0       0x40 ./Drivers/STM32L4xx_HAL_Driver/Src/stm32l4xx_hal_tim.o
                0x0000000008003ce0                TIM_ETR_SetConfig
 .text.TIM_CCxChannelCmd
                0x0000000008003d20       0x4a ./Drivers/STM32L4xx_HAL_Driver/Src/stm32l4xx_hal_tim.o
                0x0000000008003d20                TIM_CCxChannelCmd
 *fill*         0x0000000008003d6a        0x2 
 .text.HAL_TIMEx_MasterConfigSynchronization
                0x0000000008003d6c       0xcc ./Drivers/STM32L4xx_HAL_Driver/Src/stm32l4xx_hal_tim_ex.o
                0x0000000008003d6c                HAL_TIMEx_MasterConfigSynchronization
 .text.HAL_TIMEx_CommutCallback
                0x0000000008003e38       0x14 ./Drivers/STM32L4xx_HAL_Driver/Src/stm32l4xx_hal_tim_ex.o
                0x0000000008003e38                HAL_TIMEx_CommutCallback
 .text.HAL_TIMEx_BreakCallback
                0x0000000008003e4c       0x14 ./Drivers/STM32L4xx_HAL_Driver/Src/stm32l4xx_hal_tim_ex.o
                0x0000000008003e4c                HAL_TIMEx_BreakCallback
 .text.HAL_TIMEx_Break2Callback
                0x0000000008003e60       0x14 ./Drivers/STM32L4xx_HAL_Driver/Src/stm32l4xx_hal_tim_ex.o
                0x0000000008003e60                HAL_TIMEx_Break2Callback
 .text.HAL_UART_Init
                0x0000000008003e74       0x9c ./Drivers/STM32L4xx_HAL_Driver/Src/stm32l4xx_hal_uart.o
                0x0000000008003e74                HAL_UART_Init
 .text.HAL_UART_Receive_IT
                0x0000000008003f10       0xac ./Drivers/STM32L4xx_HAL_Driver/Src/stm32l4xx_hal_uart.o
                0x0000000008003f10                HAL_UART_Receive_IT
 .text.HAL_UART_IRQHandler
                0x0000000008003fbc      0x5c4 ./Drivers/STM32L4xx_HAL_Driver/Src/stm32l4xx_hal_uart.o
                0x0000000008003fbc                HAL_UART_IRQHandler
 .text.HAL_UART_TxCpltCallback
                0x0000000008004580       0x14 ./Drivers/STM32L4xx_HAL_Driver/Src/stm32l4xx_hal_uart.o
                0x0000000008004580                HAL_UART_TxCpltCallback
 .text.HAL_UART_ErrorCallback
                0x0000000008004594       0x14 ./Drivers/STM32L4xx_HAL_Driver/Src/stm32l4xx_hal_uart.o
                0x0000000008004594                HAL_UART_ErrorCallback
 .text.HAL_UARTEx_RxEventCallback
                0x00000000080045a8       0x18 ./Drivers/STM32L4xx_HAL_Driver/Src/stm32l4xx_hal_uart.o
                0x00000000080045a8                HAL_UARTEx_RxEventCallback
 .text.UART_SetConfig
                0x00000000080045c0      0x458 ./Drivers/STM32L4xx_HAL_Driver/Src/stm32l4xx_hal_uart.o
                0x00000000080045c0                UART_SetConfig
 .text.UART_AdvFeatureConfig
                0x0000000008004a18      0x144 ./Drivers/STM32L4xx_HAL_Driver/Src/stm32l4xx_hal_uart.o
                0x0000000008004a18                UART_AdvFeatureConfig
 .text.UART_CheckIdleState
                0x0000000008004b5c       0x92 ./Drivers/STM32L4xx_HAL_Driver/Src/stm32l4xx_hal_uart.o
                0x0000000008004b5c                UART_CheckIdleState
 .text.UART_WaitOnFlagUntilTimeout
                0x0000000008004bee      0x188 ./Drivers/STM32L4xx_HAL_Driver/Src/stm32l4xx_hal_uart.o
                0x0000000008004bee                UART_WaitOnFlagUntilTimeout
 *fill*         0x0000000008004d76        0x2 
 .text.UART_Start_Receive_IT
                0x0000000008004d78      0x194 ./Drivers/STM32L4xx_HAL_Driver/Src/stm32l4xx_hal_uart.o
                0x0000000008004d78                UART_Start_Receive_IT
 .text.UART_EndRxTransfer
                0x0000000008004f0c       0xc6 ./Drivers/STM32L4xx_HAL_Driver/Src/stm32l4xx_hal_uart.o
 .text.UART_DMAAbortOnError
                0x0000000008004fd2       0x2c ./Drivers/STM32L4xx_HAL_Driver/Src/stm32l4xx_hal_uart.o
 .text.UART_EndTransmit_IT
                0x0000000008004ffe       0x54 ./Drivers/STM32L4xx_HAL_Driver/Src/stm32l4xx_hal_uart.o
 .text.UART_RxISR_8BIT
                0x0000000008005052      0x160 ./Drivers/STM32L4xx_HAL_Driver/Src/stm32l4xx_hal_uart.o
 .text.UART_RxISR_16BIT
                0x00000000080051b2      0x160 ./Drivers/STM32L4xx_HAL_Driver/Src/stm32l4xx_hal_uart.o
 .text.HAL_UARTEx_WakeupCallback
                0x0000000008005312       0x14 ./Drivers/STM32L4xx_HAL_Driver/Src/stm32l4xx_hal_uart_ex.o
                0x0000000008005312                HAL_UARTEx_WakeupCallback
 *fill*         0x0000000008005326        0x2 
 .text.__libc_init_array
                0x0000000008005328       0x48 c:/st/stm32cubeide_1.12.1/stm32cubeide/plugins/com.st.stm32cube.ide.mcu.externaltools.gnu-tools-for-stm32.10.3-2021.10.win32_1.0.200.202301161003/tools/bin/../lib/gcc/arm-none-eabi/10.3.1/../../../../arm-none-eabi/lib/thumb/v7e-m+fp/hard\libc_nano.a(lib_a-init.o)
                0x0000000008005328                __libc_init_array
 .text.memset   0x0000000008005370       0x10 c:/st/stm32cubeide_1.12.1/stm32cubeide/plugins/com.st.stm32cube.ide.mcu.externaltools.gnu-tools-for-stm32.10.3-2021.10.win32_1.0.200.202301161003/tools/bin/../lib/gcc/arm-none-eabi/10.3.1/../../../../arm-none-eabi/lib/thumb/v7e-m+fp/hard\libc_nano.a(lib_a-memset.o)
                0x0000000008005370                memset
 *(.glue_7)
 .glue_7        0x0000000008005380        0x0 linker stubs
 *(.glue_7t)
 .glue_7t       0x0000000008005380        0x0 linker stubs
 *(.eh_frame)
 .eh_frame      0x0000000008005380        0x0 c:/st/stm32cubeide_1.12.1/stm32cubeide/plugins/com.st.stm32cube.ide.mcu.externaltools.gnu-tools-for-stm32.10.3-2021.10.win32_1.0.200.202301161003/tools/bin/../lib/gcc/arm-none-eabi/10.3.1/thumb/v7e-m+fp/hard/crtbegin.o
 *(.init)
 .init          0x0000000008005380        0x4 c:/st/stm32cubeide_1.12.1/stm32cubeide/plugins/com.st.stm32cube.ide.mcu.externaltools.gnu-tools-for-stm32.10.3-2021.10.win32_1.0.200.202301161003/tools/bin/../lib/gcc/arm-none-eabi/10.3.1/thumb/v7e-m+fp/hard/crti.o
                0x0000000008005380                _init
 .init          0x0000000008005384        0x8 c:/st/stm32cubeide_1.12.1/stm32cubeide/plugins/com.st.stm32cube.ide.mcu.externaltools.gnu-tools-for-stm32.10.3-2021.10.win32_1.0.200.202301161003/tools/bin/../lib/gcc/arm-none-eabi/10.3.1/thumb/v7e-m+fp/hard/crtn.o
 *(.fini)
 .fini          0x000000000800538c        0x4 c:/st/stm32cubeide_1.12.1/stm32cubeide/plugins/com.st.stm32cube.ide.mcu.externaltools.gnu-tools-for-stm32.10.3-2021.10.win32_1.0.200.202301161003/tools/bin/../lib/gcc/arm-none-eabi/10.3.1/thumb/v7e-m+fp/hard/crti.o
                0x000000000800538c                _fini
 .fini          0x0000000008005390        0x8 c:/st/stm32cubeide_1.12.1/stm32cubeide/plugins/com.st.stm32cube.ide.mcu.externaltools.gnu-tools-for-stm32.10.3-2021.10.win32_1.0.200.202301161003/tools/bin/../lib/gcc/arm-none-eabi/10.3.1/thumb/v7e-m+fp/hard/crtn.o
                0x0000000008005398                . = ALIGN (0x4)
                0x0000000008005398                _etext = .

.vfp11_veneer   0x0000000008005398        0x0
 .vfp11_veneer  0x0000000008005398        0x0 linker stubs

.v4_bx          0x0000000008005398        0x0
 .v4_bx         0x0000000008005398        0x0 linker stubs

.iplt           0x0000000008005398        0x0
 .iplt          0x0000000008005398        0x0 c:/st/stm32cubeide_1.12.1/stm32cubeide/plugins/com.st.stm32cube.ide.mcu.externaltools.gnu-tools-for-stm32.10.3-2021.10.win32_1.0.200.202301161003/tools/bin/../lib/gcc/arm-none-eabi/10.3.1/thumb/v7e-m+fp/hard/crtbegin.o

.rodata         0x0000000008005398       0x48
                0x0000000008005398                . = ALIGN (0x4)
 *(.rodata)
 *(.rodata*)
 .rodata.AHBPrescTable
                0x0000000008005398       0x10 ./Core/Src/system_stm32l4xx.o
                0x0000000008005398                AHBPrescTable
 .rodata.APBPrescTable
                0x00000000080053a8        0x8 ./Core/Src/system_stm32l4xx.o
                0x00000000080053a8                APBPrescTable
 .rodata.MSIRangeTable
                0x00000000080053b0       0x30 ./Core/Src/system_stm32l4xx.o
                0x00000000080053b0                MSIRangeTable
                0x00000000080053e0                . = ALIGN (0x4)

.ARM.extab      0x00000000080053e0        0x0
                0x00000000080053e0                . = ALIGN (0x4)
 *(.ARM.extab* .gnu.linkonce.armextab.*)
                0x00000000080053e0                . = ALIGN (0x4)

.ARM            0x00000000080053e0        0x8
                0x00000000080053e0                . = ALIGN (0x4)
                0x00000000080053e0                __exidx_start = .
 *(.ARM.exidx*)
 .ARM.exidx     0x00000000080053e0        0x8 c:/st/stm32cubeide_1.12.1/stm32cubeide/plugins/com.st.stm32cube.ide.mcu.externaltools.gnu-tools-for-stm32.10.3-2021.10.win32_1.0.200.202301161003/tools/bin/../lib/gcc/arm-none-eabi/10.3.1/thumb/v7e-m+fp/hard\libgcc.a(_udivmoddi4.o)
                0x00000000080053e8                __exidx_end = .
                0x00000000080053e8                . = ALIGN (0x4)

.rel.dyn        0x00000000080053e8        0x0
 .rel.iplt      0x00000000080053e8        0x0 c:/st/stm32cubeide_1.12.1/stm32cubeide/plugins/com.st.stm32cube.ide.mcu.externaltools.gnu-tools-for-stm32.10.3-2021.10.win32_1.0.200.202301161003/tools/bin/../lib/gcc/arm-none-eabi/10.3.1/thumb/v7e-m+fp/hard/crtbegin.o

.preinit_array  0x00000000080053e8        0x0
                0x00000000080053e8                . = ALIGN (0x4)
                0x00000000080053e8                PROVIDE (__preinit_array_start = .)
 *(.preinit_array*)
                0x00000000080053e8                PROVIDE (__preinit_array_end = .)
                0x00000000080053e8                . = ALIGN (0x4)

.init_array     0x00000000080053e8        0x4
                0x00000000080053e8                . = ALIGN (0x4)
                0x00000000080053e8                PROVIDE (__init_array_start = .)
 *(SORT_BY_NAME(.init_array.*))
 *(.init_array*)
 .init_array    0x00000000080053e8        0x4 c:/st/stm32cubeide_1.12.1/stm32cubeide/plugins/com.st.stm32cube.ide.mcu.externaltools.gnu-tools-for-stm32.10.3-2021.10.win32_1.0.200.202301161003/tools/bin/../lib/gcc/arm-none-eabi/10.3.1/thumb/v7e-m+fp/hard/crtbegin.o
                0x00000000080053ec                PROVIDE (__init_array_end = .)
                0x00000000080053ec                . = ALIGN (0x4)

.fini_array     0x00000000080053ec        0x4
                0x00000000080053ec                . = ALIGN (0x4)
                [!provide]                        PROVIDE (__fini_array_start = .)
 *(SORT_BY_NAME(.fini_array.*))
 *(.fini_array*)
 .fini_array    0x00000000080053ec        0x4 c:/st/stm32cubeide_1.12.1/stm32cubeide/plugins/com.st.stm32cube.ide.mcu.externaltools.gnu-tools-for-stm32.10.3-2021.10.win32_1.0.200.202301161003/tools/bin/../lib/gcc/arm-none-eabi/10.3.1/thumb/v7e-m+fp/hard/crtbegin.o
                [!provide]                        PROVIDE (__fini_array_end = .)
                0x00000000080053f0                . = ALIGN (0x4)
                0x00000000080053f0                _sidata = LOADADDR (.data)

.data           0x0000000020000000       0x1c load address 0x00000000080053f0
                0x0000000020000000                . = ALIGN (0x4)
                0x0000000020000000                _sdata = .
 *(.data)
 *(.data*)
 .data.clamp_string
                0x0000000020000000        0x6 ./Core/Src/main.o
                0x0000000020000000                clamp_string
 *fill*         0x0000000020000006        0x2 
 .data.EM_string
                0x0000000020000008        0x6 ./Core/Src/main.o
                0x0000000020000008                EM_string
 .data.state    0x000000002000000e        0x1 ./Core/Src/main.o
                0x000000002000000e                state
 .data.flag_action
                0x000000002000000f        0x1 ./Core/Src/main.o
                0x000000002000000f                flag_action
 .data.SystemCoreClock
                0x0000000020000010        0x4 ./Core/Src/system_stm32l4xx.o
                0x0000000020000010                SystemCoreClock
 .data.uwTickPrio
                0x0000000020000014        0x4 ./Drivers/STM32L4xx_HAL_Driver/Src/stm32l4xx_hal.o
                0x0000000020000014                uwTickPrio
 .data.uwTickFreq
                0x0000000020000018        0x1 ./Drivers/STM32L4xx_HAL_Driver/Src/stm32l4xx_hal.o
                0x0000000020000018                uwTickFreq
 *(.RamFunc)
 *(.RamFunc*)
                0x000000002000001c                . = ALIGN (0x4)
 *fill*         0x0000000020000019        0x3 
                0x000000002000001c                _edata = .

.igot.plt       0x000000002000001c        0x0 load address 0x000000000800540c
 .igot.plt      0x000000002000001c        0x0 c:/st/stm32cubeide_1.12.1/stm32cubeide/plugins/com.st.stm32cube.ide.mcu.externaltools.gnu-tools-for-stm32.10.3-2021.10.win32_1.0.200.202301161003/tools/bin/../lib/gcc/arm-none-eabi/10.3.1/thumb/v7e-m+fp/hard/crtbegin.o
                0x000000002000001c                . = ALIGN (0x4)

.bss            0x000000002000001c      0x220 load address 0x000000000800540c
                0x000000002000001c                _sbss = .
                0x000000002000001c                __bss_start__ = _sbss
 *(.bss)
 .bss           0x000000002000001c       0x1c c:/st/stm32cubeide_1.12.1/stm32cubeide/plugins/com.st.stm32cube.ide.mcu.externaltools.gnu-tools-for-stm32.10.3-2021.10.win32_1.0.200.202301161003/tools/bin/../lib/gcc/arm-none-eabi/10.3.1/thumb/v7e-m+fp/hard/crtbegin.o
 *(.bss*)
 .bss.counter.0
                0x0000000020000038        0x2 ./Core/Inc/fsm.o
 *fill*         0x000000002000003a        0x2 
 .bss.htim1     0x000000002000003c       0x4c ./Core/Src/main.o
                0x000000002000003c                htim1
 .bss.htim2     0x0000000020000088       0x4c ./Core/Src/main.o
                0x0000000020000088                htim2
 .bss.htim6     0x00000000200000d4       0x4c ./Core/Src/main.o
                0x00000000200000d4                htim6
 .bss.huart1    0x0000000020000120       0x84 ./Core/Src/main.o
                0x0000000020000120                huart1
 .bss.huart2    0x00000000200001a4       0x84 ./Core/Src/main.o
                0x00000000200001a4                huart2
 .bss.UART1_rxBuffer
                0x0000000020000228        0x6 ./Core/Src/main.o
                0x0000000020000228                UART1_rxBuffer
 .bss.req_clamp_open
                0x000000002000022e        0x1 ./Core/Src/main.o
                0x000000002000022e                req_clamp_open
 .bss.req_EM_open
                0x000000002000022f        0x1 ./Core/Src/main.o
                0x000000002000022f                req_EM_open
 .bss.signal    0x0000000020000230        0x4 ./Core/Src/main.o
                0x0000000020000230                signal
 .bss.counter.0
                0x0000000020000234        0x2 ./Core/Src/main.o
 *fill*         0x0000000020000236        0x2 
 .bss.uwTick    0x0000000020000238        0x4 ./Drivers/STM32L4xx_HAL_Driver/Src/stm32l4xx_hal.o
                0x0000000020000238                uwTick
 *(COMMON)
                0x000000002000023c                . = ALIGN (0x4)
                0x000000002000023c                _ebss = .
                0x000000002000023c                __bss_end__ = _ebss

._user_heap_stack
                0x000000002000023c      0x604 load address 0x000000000800540c
                0x0000000020000240                . = ALIGN (0x8)
 *fill*         0x000000002000023c        0x4 
                [!provide]                        PROVIDE (end = .)
                0x0000000020000240                PROVIDE (_end = .)
                0x0000000020000440                . = (. + _Min_Heap_Size)
 *fill*         0x0000000020000240      0x200 
                0x0000000020000840                . = (. + _Min_Stack_Size)
 *fill*         0x0000000020000440      0x400 
                0x0000000020000840                . = ALIGN (0x8)

/DISCARD/
 libc.a(*)
 libm.a(*)
 libgcc.a(*)

.ARM.attributes
                0x0000000000000000       0x30
 *(.ARM.attributes)
 .ARM.attributes
                0x0000000000000000       0x1e c:/st/stm32cubeide_1.12.1/stm32cubeide/plugins/com.st.stm32cube.ide.mcu.externaltools.gnu-tools-for-stm32.10.3-2021.10.win32_1.0.200.202301161003/tools/bin/../lib/gcc/arm-none-eabi/10.3.1/thumb/v7e-m+fp/hard/crti.o
 .ARM.attributes
                0x000000000000001e       0x34 c:/st/stm32cubeide_1.12.1/stm32cubeide/plugins/com.st.stm32cube.ide.mcu.externaltools.gnu-tools-for-stm32.10.3-2021.10.win32_1.0.200.202301161003/tools/bin/../lib/gcc/arm-none-eabi/10.3.1/thumb/v7e-m+fp/hard/crtbegin.o
 .ARM.attributes
                0x0000000000000052       0x34 ./Core/Inc/fsm.o
 .ARM.attributes
                0x0000000000000086       0x34 ./Core/Src/main.o
 .ARM.attributes
                0x00000000000000ba       0x34 ./Core/Src/stm32l4xx_hal_msp.o
 .ARM.attributes
                0x00000000000000ee       0x34 ./Core/Src/stm32l4xx_it.o
 .ARM.attributes
                0x0000000000000122       0x34 ./Core/Src/system_stm32l4xx.o
 .ARM.attributes
                0x0000000000000156       0x21 ./Core/Startup/startup_stm32l432kcux.o
 .ARM.attributes
                0x0000000000000177       0x34 ./Drivers/STM32L4xx_HAL_Driver/Src/stm32l4xx_hal.o
 .ARM.attributes
                0x00000000000001ab       0x34 ./Drivers/STM32L4xx_HAL_Driver/Src/stm32l4xx_hal_cortex.o
 .ARM.attributes
                0x00000000000001df       0x34 ./Drivers/STM32L4xx_HAL_Driver/Src/stm32l4xx_hal_dma.o
 .ARM.attributes
                0x0000000000000213       0x34 ./Drivers/STM32L4xx_HAL_Driver/Src/stm32l4xx_hal_gpio.o
 .ARM.attributes
                0x0000000000000247       0x34 ./Drivers/STM32L4xx_HAL_Driver/Src/stm32l4xx_hal_pwr.o
 .ARM.attributes
                0x000000000000027b       0x34 ./Drivers/STM32L4xx_HAL_Driver/Src/stm32l4xx_hal_pwr_ex.o
 .ARM.attributes
                0x00000000000002af       0x34 ./Drivers/STM32L4xx_HAL_Driver/Src/stm32l4xx_hal_rcc.o
 .ARM.attributes
                0x00000000000002e3       0x34 ./Drivers/STM32L4xx_HAL_Driver/Src/stm32l4xx_hal_rcc_ex.o
 .ARM.attributes
                0x0000000000000317       0x34 ./Drivers/STM32L4xx_HAL_Driver/Src/stm32l4xx_hal_tim.o
 .ARM.attributes
                0x000000000000034b       0x34 ./Drivers/STM32L4xx_HAL_Driver/Src/stm32l4xx_hal_tim_ex.o
 .ARM.attributes
                0x000000000000037f       0x34 ./Drivers/STM32L4xx_HAL_Driver/Src/stm32l4xx_hal_uart.o
 .ARM.attributes
                0x00000000000003b3       0x34 ./Drivers/STM32L4xx_HAL_Driver/Src/stm32l4xx_hal_uart_ex.o
 .ARM.attributes
                0x00000000000003e7       0x34 c:/st/stm32cubeide_1.12.1/stm32cubeide/plugins/com.st.stm32cube.ide.mcu.externaltools.gnu-tools-for-stm32.10.3-2021.10.win32_1.0.200.202301161003/tools/bin/../lib/gcc/arm-none-eabi/10.3.1/../../../../arm-none-eabi/lib/thumb/v7e-m+fp/hard\libc_nano.a(lib_a-init.o)
 .ARM.attributes
                0x000000000000041b       0x34 c:/st/stm32cubeide_1.12.1/stm32cubeide/plugins/com.st.stm32cube.ide.mcu.externaltools.gnu-tools-for-stm32.10.3-2021.10.win32_1.0.200.202301161003/tools/bin/../lib/gcc/arm-none-eabi/10.3.1/../../../../arm-none-eabi/lib/thumb/v7e-m+fp/hard\libc_nano.a(lib_a-memset.o)
 .ARM.attributes
                0x000000000000044f       0x1c c:/st/stm32cubeide_1.12.1/stm32cubeide/plugins/com.st.stm32cube.ide.mcu.externaltools.gnu-tools-for-stm32.10.3-2021.10.win32_1.0.200.202301161003/tools/bin/../lib/gcc/arm-none-eabi/10.3.1/../../../../arm-none-eabi/lib/thumb/v7e-m+fp/hard\libc_nano.a(lib_a-strcmp.o)
 .ARM.attributes
                0x000000000000046b       0x1e c:/st/stm32cubeide_1.12.1/stm32cubeide/plugins/com.st.stm32cube.ide.mcu.externaltools.gnu-tools-for-stm32.10.3-2021.10.win32_1.0.200.202301161003/tools/bin/../lib/gcc/arm-none-eabi/10.3.1/thumb/v7e-m+fp/hard\libgcc.a(_aeabi_uldivmod.o)
 .ARM.attributes
                0x0000000000000489       0x34 c:/st/stm32cubeide_1.12.1/stm32cubeide/plugins/com.st.stm32cube.ide.mcu.externaltools.gnu-tools-for-stm32.10.3-2021.10.win32_1.0.200.202301161003/tools/bin/../lib/gcc/arm-none-eabi/10.3.1/thumb/v7e-m+fp/hard\libgcc.a(_udivmoddi4.o)
 .ARM.attributes
                0x00000000000004bd       0x1e c:/st/stm32cubeide_1.12.1/stm32cubeide/plugins/com.st.stm32cube.ide.mcu.externaltools.gnu-tools-for-stm32.10.3-2021.10.win32_1.0.200.202301161003/tools/bin/../lib/gcc/arm-none-eabi/10.3.1/thumb/v7e-m+fp/hard\libgcc.a(_dvmd_tls.o)
 .ARM.attributes
                0x00000000000004db       0x1e c:/st/stm32cubeide_1.12.1/stm32cubeide/plugins/com.st.stm32cube.ide.mcu.externaltools.gnu-tools-for-stm32.10.3-2021.10.win32_1.0.200.202301161003/tools/bin/../lib/gcc/arm-none-eabi/10.3.1/thumb/v7e-m+fp/hard/crtn.o
OUTPUT(PI_Drop_Tower.elf elf32-littlearm)
LOAD linker stubs
LOAD c:/st/stm32cubeide_1.12.1/stm32cubeide/plugins/com.st.stm32cube.ide.mcu.externaltools.gnu-tools-for-stm32.10.3-2021.10.win32_1.0.200.202301161003/tools/bin/../lib/gcc/arm-none-eabi/10.3.1/../../../../arm-none-eabi/lib/thumb/v7e-m+fp/hard\libc.a
LOAD c:/st/stm32cubeide_1.12.1/stm32cubeide/plugins/com.st.stm32cube.ide.mcu.externaltools.gnu-tools-for-stm32.10.3-2021.10.win32_1.0.200.202301161003/tools/bin/../lib/gcc/arm-none-eabi/10.3.1/../../../../arm-none-eabi/lib/thumb/v7e-m+fp/hard\libm.a
LOAD c:/st/stm32cubeide_1.12.1/stm32cubeide/plugins/com.st.stm32cube.ide.mcu.externaltools.gnu-tools-for-stm32.10.3-2021.10.win32_1.0.200.202301161003/tools/bin/../lib/gcc/arm-none-eabi/10.3.1/thumb/v7e-m+fp/hard\libgcc.a

.debug_info     0x0000000000000000    0x12a11
 .debug_info    0x0000000000000000      0x889 ./Core/Inc/fsm.o
 .debug_info    0x0000000000000889     0x16d6 ./Core/Src/main.o
 .debug_info    0x0000000000001f5f     0x1383 ./Core/Src/stm32l4xx_hal_msp.o
 .debug_info    0x00000000000032e2      0xb34 ./Core/Src/stm32l4xx_it.o
 .debug_info    0x0000000000003e16      0x5d4 ./Core/Src/system_stm32l4xx.o
 .debug_info    0x00000000000043ea       0x22 ./Core/Startup/startup_stm32l432kcux.o
 .debug_info    0x000000000000440c      0x9da ./Drivers/STM32L4xx_HAL_Driver/Src/stm32l4xx_hal.o
 .debug_info    0x0000000000004de6      0xda3 ./Drivers/STM32L4xx_HAL_Driver/Src/stm32l4xx_hal_cortex.o
 .debug_info    0x0000000000005b89      0x76a ./Drivers/STM32L4xx_HAL_Driver/Src/stm32l4xx_hal_dma.o
 .debug_info    0x00000000000062f3      0x821 ./Drivers/STM32L4xx_HAL_Driver/Src/stm32l4xx_hal_gpio.o
 .debug_info    0x0000000000006b14      0x95e ./Drivers/STM32L4xx_HAL_Driver/Src/stm32l4xx_hal_pwr.o
 .debug_info    0x0000000000007472      0x96b ./Drivers/STM32L4xx_HAL_Driver/Src/stm32l4xx_hal_pwr_ex.o
 .debug_info    0x0000000000007ddd      0xc97 ./Drivers/STM32L4xx_HAL_Driver/Src/stm32l4xx_hal_rcc.o
 .debug_info    0x0000000000008a74      0xf5b ./Drivers/STM32L4xx_HAL_Driver/Src/stm32l4xx_hal_rcc_ex.o
 .debug_info    0x00000000000099cf     0x2d04 ./Drivers/STM32L4xx_HAL_Driver/Src/stm32l4xx_hal_tim.o
 .debug_info    0x000000000000c6d3     0x17eb ./Drivers/STM32L4xx_HAL_Driver/Src/stm32l4xx_hal_tim_ex.o
 .debug_info    0x000000000000debe     0x3d1c ./Drivers/STM32L4xx_HAL_Driver/Src/stm32l4xx_hal_uart.o
 .debug_info    0x0000000000011bda      0xe37 ./Drivers/STM32L4xx_HAL_Driver/Src/stm32l4xx_hal_uart_ex.o

.debug_abbrev   0x0000000000000000     0x25b1
 .debug_abbrev  0x0000000000000000      0x18a ./Core/Inc/fsm.o
 .debug_abbrev  0x000000000000018a      0x346 ./Core/Src/main.o
 .debug_abbrev  0x00000000000004d0      0x21f ./Core/Src/stm32l4xx_hal_msp.o
 .debug_abbrev  0x00000000000006ef      0x18b ./Core/Src/stm32l4xx_it.o
 .debug_abbrev  0x000000000000087a      0x116 ./Core/Src/system_stm32l4xx.o
 .debug_abbrev  0x0000000000000990       0x12 ./Core/Startup/startup_stm32l432kcux.o
 .debug_abbrev  0x00000000000009a2      0x21e ./Drivers/STM32L4xx_HAL_Driver/Src/stm32l4xx_hal.o
 .debug_abbrev  0x0000000000000bc0      0x316 ./Drivers/STM32L4xx_HAL_Driver/Src/stm32l4xx_hal_cortex.o
 .debug_abbrev  0x0000000000000ed6      0x1d7 ./Drivers/STM32L4xx_HAL_Driver/Src/stm32l4xx_hal_dma.o
 .debug_abbrev  0x00000000000010ad      0x1bb ./Drivers/STM32L4xx_HAL_Driver/Src/stm32l4xx_hal_gpio.o
 .debug_abbrev  0x0000000000001268      0x1c9 ./Drivers/STM32L4xx_HAL_Driver/Src/stm32l4xx_hal_pwr.o
 .debug_abbrev  0x0000000000001431      0x1f3 ./Drivers/STM32L4xx_HAL_Driver/Src/stm32l4xx_hal_pwr_ex.o
 .debug_abbrev  0x0000000000001624      0x2bd ./Drivers/STM32L4xx_HAL_Driver/Src/stm32l4xx_hal_rcc.o
 .debug_abbrev  0x00000000000018e1      0x299 ./Drivers/STM32L4xx_HAL_Driver/Src/stm32l4xx_hal_rcc_ex.o
 .debug_abbrev  0x0000000000001b7a      0x264 ./Drivers/STM32L4xx_HAL_Driver/Src/stm32l4xx_hal_tim.o
 .debug_abbrev  0x0000000000001dde      0x26c ./Drivers/STM32L4xx_HAL_Driver/Src/stm32l4xx_hal_tim_ex.o
 .debug_abbrev  0x000000000000204a      0x2bc ./Drivers/STM32L4xx_HAL_Driver/Src/stm32l4xx_hal_uart.o
 .debug_abbrev  0x0000000000002306      0x2ab ./Drivers/STM32L4xx_HAL_Driver/Src/stm32l4xx_hal_uart_ex.o

.debug_aranges  0x0000000000000000      0xff8
 .debug_aranges
                0x0000000000000000       0x28 ./Core/Inc/fsm.o
 .debug_aranges
                0x0000000000000028       0x90 ./Core/Src/main.o
 .debug_aranges
                0x00000000000000b8       0x48 ./Core/Src/stm32l4xx_hal_msp.o
 .debug_aranges
                0x0000000000000100       0x70 ./Core/Src/stm32l4xx_it.o
 .debug_aranges
                0x0000000000000170       0x28 ./Core/Src/system_stm32l4xx.o
 .debug_aranges
                0x0000000000000198       0x28 ./Core/Startup/startup_stm32l432kcux.o
 .debug_aranges
                0x00000000000001c0      0x108 ./Drivers/STM32L4xx_HAL_Driver/Src/stm32l4xx_hal.o
 .debug_aranges
                0x00000000000002c8      0x118 ./Drivers/STM32L4xx_HAL_Driver/Src/stm32l4xx_hal_cortex.o
 .debug_aranges
                0x00000000000003e0       0x80 ./Drivers/STM32L4xx_HAL_Driver/Src/stm32l4xx_hal_dma.o
 .debug_aranges
                0x0000000000000460       0x58 ./Drivers/STM32L4xx_HAL_Driver/Src/stm32l4xx_hal_gpio.o
 .debug_aranges
                0x00000000000004b8       0x98 ./Drivers/STM32L4xx_HAL_Driver/Src/stm32l4xx_hal_pwr.o
 .debug_aranges
                0x0000000000000550      0x128 ./Drivers/STM32L4xx_HAL_Driver/Src/stm32l4xx_hal_pwr_ex.o
 .debug_aranges
                0x0000000000000678       0x90 ./Drivers/STM32L4xx_HAL_Driver/Src/stm32l4xx_hal_rcc.o
 .debug_aranges
                0x0000000000000708       0xf0 ./Drivers/STM32L4xx_HAL_Driver/Src/stm32l4xx_hal_rcc_ex.o
 .debug_aranges
                0x00000000000007f8      0x3e0 ./Drivers/STM32L4xx_HAL_Driver/Src/stm32l4xx_hal_tim.o
 .debug_aranges
                0x0000000000000bd8      0x180 ./Drivers/STM32L4xx_HAL_Driver/Src/stm32l4xx_hal_tim_ex.o
 .debug_aranges
                0x0000000000000d58      0x228 ./Drivers/STM32L4xx_HAL_Driver/Src/stm32l4xx_hal_uart.o
 .debug_aranges
                0x0000000000000f80       0x78 ./Drivers/STM32L4xx_HAL_Driver/Src/stm32l4xx_hal_uart_ex.o

.debug_ranges   0x0000000000000000      0xf10
 .debug_ranges  0x0000000000000000       0x18 ./Core/Inc/fsm.o
 .debug_ranges  0x0000000000000018       0x80 ./Core/Src/main.o
 .debug_ranges  0x0000000000000098       0x38 ./Core/Src/stm32l4xx_hal_msp.o
 .debug_ranges  0x00000000000000d0       0x60 ./Core/Src/stm32l4xx_it.o
 .debug_ranges  0x0000000000000130       0x18 ./Core/Src/system_stm32l4xx.o
 .debug_ranges  0x0000000000000148       0x20 ./Core/Startup/startup_stm32l432kcux.o
 .debug_ranges  0x0000000000000168       0xf8 ./Drivers/STM32L4xx_HAL_Driver/Src/stm32l4xx_hal.o
 .debug_ranges  0x0000000000000260      0x108 ./Drivers/STM32L4xx_HAL_Driver/Src/stm32l4xx_hal_cortex.o
 .debug_ranges  0x0000000000000368       0x70 ./Drivers/STM32L4xx_HAL_Driver/Src/stm32l4xx_hal_dma.o
 .debug_ranges  0x00000000000003d8       0x48 ./Drivers/STM32L4xx_HAL_Driver/Src/stm32l4xx_hal_gpio.o
 .debug_ranges  0x0000000000000420       0x88 ./Drivers/STM32L4xx_HAL_Driver/Src/stm32l4xx_hal_pwr.o
 .debug_ranges  0x00000000000004a8      0x118 ./Drivers/STM32L4xx_HAL_Driver/Src/stm32l4xx_hal_pwr_ex.o
 .debug_ranges  0x00000000000005c0       0x80 ./Drivers/STM32L4xx_HAL_Driver/Src/stm32l4xx_hal_rcc.o
 .debug_ranges  0x0000000000000640       0xe0 ./Drivers/STM32L4xx_HAL_Driver/Src/stm32l4xx_hal_rcc_ex.o
 .debug_ranges  0x0000000000000720      0x3d0 ./Drivers/STM32L4xx_HAL_Driver/Src/stm32l4xx_hal_tim.o
 .debug_ranges  0x0000000000000af0      0x170 ./Drivers/STM32L4xx_HAL_Driver/Src/stm32l4xx_hal_tim_ex.o
 .debug_ranges  0x0000000000000c60      0x248 ./Drivers/STM32L4xx_HAL_Driver/Src/stm32l4xx_hal_uart.o
 .debug_ranges  0x0000000000000ea8       0x68 ./Drivers/STM32L4xx_HAL_Driver/Src/stm32l4xx_hal_uart_ex.o

.debug_macro    0x0000000000000000    0x20c27
 .debug_macro   0x0000000000000000      0x2aa ./Core/Inc/fsm.o
 .debug_macro   0x00000000000002aa      0xa78 ./Core/Inc/fsm.o
 .debug_macro   0x0000000000000d22      0x1a7 ./Core/Inc/fsm.o
 .debug_macro   0x0000000000000ec9       0x2e ./Core/Inc/fsm.o
 .debug_macro   0x0000000000000ef7       0x28 ./Core/Inc/fsm.o
 .debug_macro   0x0000000000000f1f       0x22 ./Core/Inc/fsm.o
 .debug_macro   0x0000000000000f41       0x8e ./Core/Inc/fsm.o
 .debug_macro   0x0000000000000fcf       0x51 ./Core/Inc/fsm.o
 .debug_macro   0x0000000000001020      0x103 ./Core/Inc/fsm.o
 .debug_macro   0x0000000000001123       0x6a ./Core/Inc/fsm.o
 .debug_macro   0x000000000000118d      0x1df ./Core/Inc/fsm.o
 .debug_macro   0x000000000000136c       0x1c ./Core/Inc/fsm.o
 .debug_macro   0x0000000000001388       0x22 ./Core/Inc/fsm.o
 .debug_macro   0x00000000000013aa       0xfb ./Core/Inc/fsm.o
 .debug_macro   0x00000000000014a5     0x1011 ./Core/Inc/fsm.o
 .debug_macro   0x00000000000024b6      0x11f ./Core/Inc/fsm.o
 .debug_macro   0x00000000000025d5    0x147a6 ./Core/Inc/fsm.o
 .debug_macro   0x0000000000016d7b       0x6d ./Core/Inc/fsm.o
 .debug_macro   0x0000000000016de8     0x38e6 ./Core/Inc/fsm.o
 .debug_macro   0x000000000001a6ce      0x174 ./Core/Inc/fsm.o
 .debug_macro   0x000000000001a842       0x5c ./Core/Inc/fsm.o
 .debug_macro   0x000000000001a89e     0x11ca ./Core/Inc/fsm.o
 .debug_macro   0x000000000001ba68      0x53c ./Core/Inc/fsm.o
 .debug_macro   0x000000000001bfa4      0x1b9 ./Core/Inc/fsm.o
 .debug_macro   0x000000000001c15d      0x122 ./Core/Inc/fsm.o
 .debug_macro   0x000000000001c27f      0x26b ./Core/Inc/fsm.o
 .debug_macro   0x000000000001c4ea      0x23d ./Core/Inc/fsm.o
 .debug_macro   0x000000000001c727      0x241 ./Core/Inc/fsm.o
 .debug_macro   0x000000000001c968      0x375 ./Core/Inc/fsm.o
 .debug_macro   0x000000000001ccdd       0xd6 ./Core/Inc/fsm.o
 .debug_macro   0x000000000001cdb3      0x122 ./Core/Inc/fsm.o
 .debug_macro   0x000000000001ced5      0x356 ./Core/Inc/fsm.o
 .debug_macro   0x000000000001d22b      0xa91 ./Core/Inc/fsm.o
 .debug_macro   0x000000000001dcbc      0x12d ./Core/Inc/fsm.o
 .debug_macro   0x000000000001dde9      0x5ba ./Core/Inc/fsm.o
 .debug_macro   0x000000000001e3a3       0x44 ./Core/Inc/fsm.o
 .debug_macro   0x000000000001e3e7      0x220 ./Core/Inc/fsm.o
 .debug_macro   0x000000000001e607       0x22 ./Core/Inc/fsm.o
 .debug_macro   0x000000000001e629       0x22 ./Core/Inc/fsm.o
 .debug_macro   0x000000000001e64b       0x52 ./Core/Inc/fsm.o
 .debug_macro   0x000000000001e69d       0x1e ./Core/Inc/fsm.o
 .debug_macro   0x000000000001e6bb       0x3c ./Core/Inc/fsm.o
 .debug_macro   0x000000000001e6f7       0x34 ./Core/Inc/fsm.o
 .debug_macro   0x000000000001e72b       0x16 ./Core/Inc/fsm.o
 .debug_macro   0x000000000001e741       0x43 ./Core/Inc/fsm.o
 .debug_macro   0x000000000001e784       0x34 ./Core/Inc/fsm.o
 .debug_macro   0x000000000001e7b8       0x10 ./Core/Inc/fsm.o
 .debug_macro   0x000000000001e7c8       0x58 ./Core/Inc/fsm.o
 .debug_macro   0x000000000001e820       0x71 ./Core/Inc/fsm.o
 .debug_macro   0x000000000001e891       0x1c ./Core/Inc/fsm.o
 .debug_macro   0x000000000001e8ad      0x12a ./Core/Inc/fsm.o
 .debug_macro   0x000000000001e9d7      0x341 ./Core/Inc/fsm.o
 .debug_macro   0x000000000001ed18       0x10 ./Core/Inc/fsm.o
 .debug_macro   0x000000000001ed28       0x35 ./Core/Inc/fsm.o
 .debug_macro   0x000000000001ed5d       0x20 ./Core/Inc/fsm.o
 .debug_macro   0x000000000001ed7d      0x2c7 ./Core/Src/main.o
 .debug_macro   0x000000000001f044       0x4c ./Core/Src/main.o
 .debug_macro   0x000000000001f090      0x1cf ./Core/Src/stm32l4xx_hal_msp.o
 .debug_macro   0x000000000001f25f      0x1d9 ./Core/Src/stm32l4xx_it.o
 .debug_macro   0x000000000001f438      0x1c0 ./Core/Src/system_stm32l4xx.o
 .debug_macro   0x000000000001f5f8      0x208 ./Drivers/STM32L4xx_HAL_Driver/Src/stm32l4xx_hal.o
 .debug_macro   0x000000000001f800      0x1c0 ./Drivers/STM32L4xx_HAL_Driver/Src/stm32l4xx_hal_cortex.o
 .debug_macro   0x000000000001f9c0      0x1c0 ./Drivers/STM32L4xx_HAL_Driver/Src/stm32l4xx_hal_dma.o
 .debug_macro   0x000000000001fb80      0x1c7 ./Drivers/STM32L4xx_HAL_Driver/Src/stm32l4xx_hal_gpio.o
 .debug_macro   0x000000000001fd47      0x1d8 ./Drivers/STM32L4xx_HAL_Driver/Src/stm32l4xx_hal_pwr.o
 .debug_macro   0x000000000001ff1f      0x1e4 ./Drivers/STM32L4xx_HAL_Driver/Src/stm32l4xx_hal_pwr_ex.o
 .debug_macro   0x0000000000020103      0x202 ./Drivers/STM32L4xx_HAL_Driver/Src/stm32l4xx_hal_rcc.o
 .debug_macro   0x0000000000020305      0x1f6 ./Drivers/STM32L4xx_HAL_Driver/Src/stm32l4xx_hal_rcc_ex.o
 .debug_macro   0x00000000000204fb      0x1c1 ./Drivers/STM32L4xx_HAL_Driver/Src/stm32l4xx_hal_tim.o
 .debug_macro   0x00000000000206bc      0x1c0 ./Drivers/STM32L4xx_HAL_Driver/Src/stm32l4xx_hal_tim_ex.o
 .debug_macro   0x000000000002087c      0x1eb ./Drivers/STM32L4xx_HAL_Driver/Src/stm32l4xx_hal_uart.o
 .debug_macro   0x0000000000020a67      0x1c0 ./Drivers/STM32L4xx_HAL_Driver/Src/stm32l4xx_hal_uart_ex.o

.debug_line     0x0000000000000000    0x123a3
 .debug_line    0x0000000000000000      0x8e7 ./Core/Inc/fsm.o
 .debug_line    0x00000000000008e7      0xb7c ./Core/Src/main.o
 .debug_line    0x0000000000001463      0x840 ./Core/Src/stm32l4xx_hal_msp.o
 .debug_line    0x0000000000001ca3      0x7b7 ./Core/Src/stm32l4xx_it.o
 .debug_line    0x000000000000245a      0x75c ./Core/Src/system_stm32l4xx.o
 .debug_line    0x0000000000002bb6       0x88 ./Core/Startup/startup_stm32l432kcux.o
 .debug_line    0x0000000000002c3e      0xa21 ./Drivers/STM32L4xx_HAL_Driver/Src/stm32l4xx_hal.o
 .debug_line    0x000000000000365f      0xc5b ./Drivers/STM32L4xx_HAL_Driver/Src/stm32l4xx_hal_cortex.o
 .debug_line    0x00000000000042ba      0xc93 ./Drivers/STM32L4xx_HAL_Driver/Src/stm32l4xx_hal_dma.o
 .debug_line    0x0000000000004f4d      0xaab ./Drivers/STM32L4xx_HAL_Driver/Src/stm32l4xx_hal_gpio.o
 .debug_line    0x00000000000059f8      0x891 ./Drivers/STM32L4xx_HAL_Driver/Src/stm32l4xx_hal_pwr.o
 .debug_line    0x0000000000006289      0xbb3 ./Drivers/STM32L4xx_HAL_Driver/Src/stm32l4xx_hal_pwr_ex.o
 .debug_line    0x0000000000006e3c      0xf6c ./Drivers/STM32L4xx_HAL_Driver/Src/stm32l4xx_hal_rcc.o
 .debug_line    0x0000000000007da8     0x1286 ./Drivers/STM32L4xx_HAL_Driver/Src/stm32l4xx_hal_rcc_ex.o
 .debug_line    0x000000000000902e     0x3af1 ./Drivers/STM32L4xx_HAL_Driver/Src/stm32l4xx_hal_tim.o
 .debug_line    0x000000000000cb1f     0x1ac2 ./Drivers/STM32L4xx_HAL_Driver/Src/stm32l4xx_hal_tim_ex.o
 .debug_line    0x000000000000e5e1     0x31c5 ./Drivers/STM32L4xx_HAL_Driver/Src/stm32l4xx_hal_uart.o
 .debug_line    0x00000000000117a6      0xbfd ./Drivers/STM32L4xx_HAL_Driver/Src/stm32l4xx_hal_uart_ex.o

.debug_str      0x0000000000000000    0xc8c52
 .debug_str     0x0000000000000000    0xc41ee ./Core/Inc/fsm.o
                                      0xc4579 (size before relaxing)
 .debug_str     0x00000000000c41ee      0xa1e ./Core/Src/main.o
                                      0xc4f7f (size before relaxing)
 .debug_str     0x00000000000c4c0c      0x610 ./Core/Src/stm32l4xx_hal_msp.o
                                      0xc20ab (size before relaxing)
 .debug_str     0x00000000000c521c      0x102 ./Core/Src/stm32l4xx_it.o
                                      0xc1961 (size before relaxing)
 .debug_str     0x00000000000c531e       0xf2 ./Core/Src/system_stm32l4xx.o
                                      0xc1236 (size before relaxing)
 .debug_str     0x00000000000c5410       0x36 ./Core/Startup/startup_stm32l432kcux.o
                                         0x89 (size before relaxing)
 .debug_str     0x00000000000c5446      0x56e ./Drivers/STM32L4xx_HAL_Driver/Src/stm32l4xx_hal.o
                                      0xc1bc3 (size before relaxing)
 .debug_str     0x00000000000c59b4      0x31d ./Drivers/STM32L4xx_HAL_Driver/Src/stm32l4xx_hal_cortex.o
                                      0xc1964 (size before relaxing)
 .debug_str     0x00000000000c5cd1      0x253 ./Drivers/STM32L4xx_HAL_Driver/Src/stm32l4xx_hal_dma.o
                                      0xc149d (size before relaxing)
 .debug_str     0x00000000000c5f24      0x110 ./Drivers/STM32L4xx_HAL_Driver/Src/stm32l4xx_hal_gpio.o
                                      0xc13aa (size before relaxing)
 .debug_str     0x00000000000c6034      0x333 ./Drivers/STM32L4xx_HAL_Driver/Src/stm32l4xx_hal_pwr.o
                                      0xc1580 (size before relaxing)
 .debug_str     0x00000000000c6367      0x369 ./Drivers/STM32L4xx_HAL_Driver/Src/stm32l4xx_hal_pwr_ex.o
                                      0xc16de (size before relaxing)
 .debug_str     0x00000000000c66d0      0x38c ./Drivers/STM32L4xx_HAL_Driver/Src/stm32l4xx_hal_rcc.o
                                      0xc1836 (size before relaxing)
 .debug_str     0x00000000000c6a5c      0x4f2 ./Drivers/STM32L4xx_HAL_Driver/Src/stm32l4xx_hal_rcc_ex.o
                                      0xc1a96 (size before relaxing)
 .debug_str     0x00000000000c6f4e      0xd2f ./Drivers/STM32L4xx_HAL_Driver/Src/stm32l4xx_hal_tim.o
                                      0xc2563 (size before relaxing)
 .debug_str     0x00000000000c7c7d      0x588 ./Drivers/STM32L4xx_HAL_Driver/Src/stm32l4xx_hal_tim_ex.o
                                      0xc1e87 (size before relaxing)
 .debug_str     0x00000000000c8205      0x870 ./Drivers/STM32L4xx_HAL_Driver/Src/stm32l4xx_hal_uart.o
                                      0xc1f66 (size before relaxing)
 .debug_str     0x00000000000c8a75      0x1dd ./Drivers/STM32L4xx_HAL_Driver/Src/stm32l4xx_hal_uart_ex.o
                                      0xc1775 (size before relaxing)

.comment        0x0000000000000000       0x50
 .comment       0x0000000000000000       0x50 ./Core/Inc/fsm.o
                                         0x51 (size before relaxing)
 .comment       0x0000000000000050       0x51 ./Core/Src/main.o
 .comment       0x0000000000000050       0x51 ./Core/Src/stm32l4xx_hal_msp.o
 .comment       0x0000000000000050       0x51 ./Core/Src/stm32l4xx_it.o
 .comment       0x0000000000000050       0x51 ./Core/Src/system_stm32l4xx.o
 .comment       0x0000000000000050       0x51 ./Drivers/STM32L4xx_HAL_Driver/Src/stm32l4xx_hal.o
 .comment       0x0000000000000050       0x51 ./Drivers/STM32L4xx_HAL_Driver/Src/stm32l4xx_hal_cortex.o
 .comment       0x0000000000000050       0x51 ./Drivers/STM32L4xx_HAL_Driver/Src/stm32l4xx_hal_dma.o
 .comment       0x0000000000000050       0x51 ./Drivers/STM32L4xx_HAL_Driver/Src/stm32l4xx_hal_gpio.o
 .comment       0x0000000000000050       0x51 ./Drivers/STM32L4xx_HAL_Driver/Src/stm32l4xx_hal_pwr.o
 .comment       0x0000000000000050       0x51 ./Drivers/STM32L4xx_HAL_Driver/Src/stm32l4xx_hal_pwr_ex.o
 .comment       0x0000000000000050       0x51 ./Drivers/STM32L4xx_HAL_Driver/Src/stm32l4xx_hal_rcc.o
 .comment       0x0000000000000050       0x51 ./Drivers/STM32L4xx_HAL_Driver/Src/stm32l4xx_hal_rcc_ex.o
 .comment       0x0000000000000050       0x51 ./Drivers/STM32L4xx_HAL_Driver/Src/stm32l4xx_hal_tim.o
 .comment       0x0000000000000050       0x51 ./Drivers/STM32L4xx_HAL_Driver/Src/stm32l4xx_hal_tim_ex.o
 .comment       0x0000000000000050       0x51 ./Drivers/STM32L4xx_HAL_Driver/Src/stm32l4xx_hal_uart.o
 .comment       0x0000000000000050       0x51 ./Drivers/STM32L4xx_HAL_Driver/Src/stm32l4xx_hal_uart_ex.o

.debug_frame    0x0000000000000000     0x42d4
 .debug_frame   0x0000000000000000       0x5c ./Core/Inc/fsm.o
 .debug_frame   0x000000000000005c      0x204 ./Core/Src/main.o
 .debug_frame   0x0000000000000260       0xf0 ./Core/Src/stm32l4xx_hal_msp.o
 .debug_frame   0x0000000000000350      0x13c ./Core/Src/stm32l4xx_it.o
 .debug_frame   0x000000000000048c       0x58 ./Core/Src/system_stm32l4xx.o
 .debug_frame   0x00000000000004e4      0x3dc ./Drivers/STM32L4xx_HAL_Driver/Src/stm32l4xx_hal.o
 .debug_frame   0x00000000000008c0      0x498 ./Drivers/STM32L4xx_HAL_Driver/Src/stm32l4xx_hal_cortex.o
 .debug_frame   0x0000000000000d58      0x204 ./Drivers/STM32L4xx_HAL_Driver/Src/stm32l4xx_hal_dma.o
 .debug_frame   0x0000000000000f5c      0x14c ./Drivers/STM32L4xx_HAL_Driver/Src/stm32l4xx_hal_gpio.o
 .debug_frame   0x00000000000010a8      0x230 ./Drivers/STM32L4xx_HAL_Driver/Src/stm32l4xx_hal_pwr.o
 .debug_frame   0x00000000000012d8      0x4a4 ./Drivers/STM32L4xx_HAL_Driver/Src/stm32l4xx_hal_pwr_ex.o
 .debug_frame   0x000000000000177c      0x21c ./Drivers/STM32L4xx_HAL_Driver/Src/stm32l4xx_hal_rcc.o
 .debug_frame   0x0000000000001998      0x3d0 ./Drivers/STM32L4xx_HAL_Driver/Src/stm32l4xx_hal_rcc_ex.o
 .debug_frame   0x0000000000001d68     0x121c ./Drivers/STM32L4xx_HAL_Driver/Src/stm32l4xx_hal_tim.o
 .debug_frame   0x0000000000002f84      0x6b0 ./Drivers/STM32L4xx_HAL_Driver/Src/stm32l4xx_hal_tim_ex.o
 .debug_frame   0x0000000000003634      0x9f4 ./Drivers/STM32L4xx_HAL_Driver/Src/stm32l4xx_hal_uart.o
 .debug_frame   0x0000000000004028      0x1e0 ./Drivers/STM32L4xx_HAL_Driver/Src/stm32l4xx_hal_uart_ex.o
 .debug_frame   0x0000000000004208       0x2c c:/st/stm32cubeide_1.12.1/stm32cubeide/plugins/com.st.stm32cube.ide.mcu.externaltools.gnu-tools-for-stm32.10.3-2021.10.win32_1.0.200.202301161003/tools/bin/../lib/gcc/arm-none-eabi/10.3.1/../../../../arm-none-eabi/lib/thumb/v7e-m+fp/hard\libc_nano.a(lib_a-init.o)
 .debug_frame   0x0000000000004234       0x20 c:/st/stm32cubeide_1.12.1/stm32cubeide/plugins/com.st.stm32cube.ide.mcu.externaltools.gnu-tools-for-stm32.10.3-2021.10.win32_1.0.200.202301161003/tools/bin/../lib/gcc/arm-none-eabi/10.3.1/../../../../arm-none-eabi/lib/thumb/v7e-m+fp/hard\libc_nano.a(lib_a-memset.o)
 .debug_frame   0x0000000000004254       0x20 c:/st/stm32cubeide_1.12.1/stm32cubeide/plugins/com.st.stm32cube.ide.mcu.externaltools.gnu-tools-for-stm32.10.3-2021.10.win32_1.0.200.202301161003/tools/bin/../lib/gcc/arm-none-eabi/10.3.1/../../../../arm-none-eabi/lib/thumb/v7e-m+fp/hard\libc_nano.a(lib_a-strcmp.o)
 .debug_frame   0x0000000000004274       0x2c c:/st/stm32cubeide_1.12.1/stm32cubeide/plugins/com.st.stm32cube.ide.mcu.externaltools.gnu-tools-for-stm32.10.3-2021.10.win32_1.0.200.202301161003/tools/bin/../lib/gcc/arm-none-eabi/10.3.1/thumb/v7e-m+fp/hard\libgcc.a(_aeabi_uldivmod.o)
 .debug_frame   0x00000000000042a0       0x34 c:/st/stm32cubeide_1.12.1/stm32cubeide/plugins/com.st.stm32cube.ide.mcu.externaltools.gnu-tools-for-stm32.10.3-2021.10.win32_1.0.200.202301161003/tools/bin/../lib/gcc/arm-none-eabi/10.3.1/thumb/v7e-m+fp/hard\libgcc.a(_udivmoddi4.o)
