Archive member included to satisfy reference by file (symbol)

c:/st/stm32cubeide_1.12.1/stm32cubeide/plugins/com.st.stm32cube.ide.mcu.externaltools.gnu-tools-for-stm32.10.3-2021.10.win32_1.0.200.202301161003/tools/bin/../lib/gcc/arm-none-eabi/10.3.1/../../../../arm-none-eabi/lib/thumb/v7e-m+fp/hard\libc_nano.a(lib_a-errno.o)
                              ./Core/Src/syscalls.o (__errno)
c:/st/stm32cubeide_1.12.1/stm32cubeide/plugins/com.st.stm32cube.ide.mcu.externaltools.gnu-tools-for-stm32.10.3-2021.10.win32_1.0.200.202301161003/tools/bin/../lib/gcc/arm-none-eabi/10.3.1/../../../../arm-none-eabi/lib/thumb/v7e-m+fp/hard\libc_nano.a(lib_a-exit.o)
                              c:/st/stm32cubeide_1.12.1/stm32cubeide/plugins/com.st.stm32cube.ide.mcu.externaltools.gnu-tools-for-stm32.10.3-2021.10.win32_1.0.200.202301161003/tools/bin/../lib/gcc/arm-none-eabi/10.3.1/../../../../arm-none-eabi/lib/thumb/v7e-m+fp/hard/crt0.o (exit)
c:/st/stm32cubeide_1.12.1/stm32cubeide/plugins/com.st.stm32cube.ide.mcu.externaltools.gnu-tools-for-stm32.10.3-2021.10.win32_1.0.200.202301161003/tools/bin/../lib/gcc/arm-none-eabi/10.3.1/../../../../arm-none-eabi/lib/thumb/v7e-m+fp/hard\libc_nano.a(lib_a-impure.o)
                              c:/st/stm32cubeide_1.12.1/stm32cubeide/plugins/com.st.stm32cube.ide.mcu.externaltools.gnu-tools-for-stm32.10.3-2021.10.win32_1.0.200.202301161003/tools/bin/../lib/gcc/arm-none-eabi/10.3.1/../../../../arm-none-eabi/lib/thumb/v7e-m+fp/hard\libc_nano.a(lib_a-exit.o) (_global_impure_ptr)
c:/st/stm32cubeide_1.12.1/stm32cubeide/plugins/com.st.stm32cube.ide.mcu.externaltools.gnu-tools-for-stm32.10.3-2021.10.win32_1.0.200.202301161003/tools/bin/../lib/gcc/arm-none-eabi/10.3.1/../../../../arm-none-eabi/lib/thumb/v7e-m+fp/hard\libc_nano.a(lib_a-init.o)
                              c:/st/stm32cubeide_1.12.1/stm32cubeide/plugins/com.st.stm32cube.ide.mcu.externaltools.gnu-tools-for-stm32.10.3-2021.10.win32_1.0.200.202301161003/tools/bin/../lib/gcc/arm-none-eabi/10.3.1/../../../../arm-none-eabi/lib/thumb/v7e-m+fp/hard/crt0.o (__libc_init_array)
c:/st/stm32cubeide_1.12.1/stm32cubeide/plugins/com.st.stm32cube.ide.mcu.externaltools.gnu-tools-for-stm32.10.3-2021.10.win32_1.0.200.202301161003/tools/bin/../lib/gcc/arm-none-eabi/10.3.1/../../../../arm-none-eabi/lib/thumb/v7e-m+fp/hard\libc_nano.a(lib_a-memset.o)
                              c:/st/stm32cubeide_1.12.1/stm32cubeide/plugins/com.st.stm32cube.ide.mcu.externaltools.gnu-tools-for-stm32.10.3-2021.10.win32_1.0.200.202301161003/tools/bin/../lib/gcc/arm-none-eabi/10.3.1/../../../../arm-none-eabi/lib/thumb/v7e-m+fp/hard/crt0.o (memset)
c:/st/stm32cubeide_1.12.1/stm32cubeide/plugins/com.st.stm32cube.ide.mcu.externaltools.gnu-tools-for-stm32.10.3-2021.10.win32_1.0.200.202301161003/tools/bin/../lib/gcc/arm-none-eabi/10.3.1/../../../../arm-none-eabi/lib/thumb/v7e-m+fp/hard\libc_nano.a(lib_a-strcmp.o)
                              ./Core/Src/main.o (strcmp)
c:/st/stm32cubeide_1.12.1/stm32cubeide/plugins/com.st.stm32cube.ide.mcu.externaltools.gnu-tools-for-stm32.10.3-2021.10.win32_1.0.200.202301161003/tools/bin/../lib/gcc/arm-none-eabi/10.3.1/thumb/v7e-m+fp/hard\libgcc.a(_aeabi_uldivmod.o)
                              ./Drivers/STM32L4xx_HAL_Driver/Src/stm32l4xx_hal_uart.o (__aeabi_uldivmod)
c:/st/stm32cubeide_1.12.1/stm32cubeide/plugins/com.st.stm32cube.ide.mcu.externaltools.gnu-tools-for-stm32.10.3-2021.10.win32_1.0.200.202301161003/tools/bin/../lib/gcc/arm-none-eabi/10.3.1/thumb/v7e-m+fp/hard\libgcc.a(_udivmoddi4.o)
                              c:/st/stm32cubeide_1.12.1/stm32cubeide/plugins/com.st.stm32cube.ide.mcu.externaltools.gnu-tools-for-stm32.10.3-2021.10.win32_1.0.200.202301161003/tools/bin/../lib/gcc/arm-none-eabi/10.3.1/thumb/v7e-m+fp/hard\libgcc.a(_aeabi_uldivmod.o) (__udivmoddi4)
c:/st/stm32cubeide_1.12.1/stm32cubeide/plugins/com.st.stm32cube.ide.mcu.externaltools.gnu-tools-for-stm32.10.3-2021.10.win32_1.0.200.202301161003/tools/bin/../lib/gcc/arm-none-eabi/10.3.1/thumb/v7e-m+fp/hard\libgcc.a(_dvmd_tls.o)
                              c:/st/stm32cubeide_1.12.1/stm32cubeide/plugins/com.st.stm32cube.ide.mcu.externaltools.gnu-tools-for-stm32.10.3-2021.10.win32_1.0.200.202301161003/tools/bin/../lib/gcc/arm-none-eabi/10.3.1/thumb/v7e-m+fp/hard\libgcc.a(_aeabi_uldivmod.o) (__aeabi_ldiv0)

Discarded input sections

 .text          0x0000000000000000        0x0 c:/st/stm32cubeide_1.12.1/stm32cubeide/plugins/com.st.stm32cube.ide.mcu.externaltools.gnu-tools-for-stm32.10.3-2021.10.win32_1.0.200.202301161003/tools/bin/../lib/gcc/arm-none-eabi/10.3.1/thumb/v7e-m+fp/hard/crti.o
 .data          0x0000000000000000        0x0 c:/st/stm32cubeide_1.12.1/stm32cubeide/plugins/com.st.stm32cube.ide.mcu.externaltools.gnu-tools-for-stm32.10.3-2021.10.win32_1.0.200.202301161003/tools/bin/../lib/gcc/arm-none-eabi/10.3.1/thumb/v7e-m+fp/hard/crti.o
[...]
Memory Configuration

Name             Origin             Length             Attributes
RAM              0x0000000020000000 0x0000000000010000 xrw
RAM2             0x0000000010000000 0x0000000000004000 xrw
FLASH            0x0000000008000000 0x0000000000040000 xr
*default*        0x0000000000000000 0xffffffffffffffff

Linker script and memory map

LOAD c:/st/stm32cubeide_1.12.1/stm32cubeide/plugins/com.st.stm32cube.ide.mcu.externaltools.gnu-tools-for-stm32.10.3-2021.10.win32_1.0.200.202301161003/tools/bin/../lib/gcc/arm-none-eabi/10.3.1/thumb/v7e-m+fp/hard/crti.o
LOAD c:/st/stm32cubeide_1.12.1/stm32cubeide/plugins/com.st.stm32cube.ide.mcu.externaltools.gnu-tools-for-stm32.10.3-2021.10.win32_1.0.200.202301161003/tools/bin/../lib/gcc/arm-none-eabi/10.3.1/thumb/v7e-m+fp/hard/crtbegin.o
LOAD c:/st/stm32cubeide_1.12.1/stm32cubeide/plugins/com.st.stm32cube.ide.mcu.externaltools.gnu-tools-for-stm32.10.3-2021.10.win32_1.0.200.202301161003/tools/bin/../lib/gcc/arm-none-eabi/10.3.1/../../../../arm-none-eabi/lib/thumb/v7e-m+fp/hard/crt0.o
LOAD ./Core/Inc/fsm.o
LOAD ./Core/Inc/read_signals.o
LOAD ./Core/Inc/xbee.o
LOAD ./Core/Src/main.o
LOAD ./Core/Src/stm32l4xx_hal_msp.o
LOAD ./Core/Src/stm32l4xx_it.o
LOAD ./Core/Src/syscalls.o
LOAD ./Core/Src/sysmem.o
LOAD ./Core/Src/system_stm32l4xx.o
LOAD ./Core/Startup/startup_stm32l432kcux.o
LOAD ./Drivers/STM32L4xx_HAL_Driver/Src/stm32l4xx_hal.o
LOAD ./Drivers/STM32L4xx_HAL_Driver/Src/stm32l4xx_hal_cortex.o
LOAD ./Drivers/STM32L4xx_HAL_Driver/Src/stm32l4xx_hal_dma.o
LOAD ./Drivers/STM32L4xx_HAL_Driver/Src/stm32l4xx_hal_dma_ex.o
LOAD ./Drivers/STM32L4xx_HAL_Driver/Src/stm32l4xx_hal_exti.o
LOAD ./Drivers/STM32L4xx_HAL_Driver/Src/stm32l4xx_hal_flash.o
LOAD ./Drivers/STM32L4xx_HAL_Driver/Src/stm32l4xx_hal_flash_ex.o
LOAD ./Drivers/STM32L4xx_HAL_Driver/Src/stm32l4xx_hal_flash_ramfunc.o
LOAD ./Drivers/STM32L4xx_HAL_Driver/Src/stm32l4xx_hal_gpio.o
LOAD ./Drivers/STM32L4xx_HAL_Driver/Src/stm32l4xx_hal_pwr.o
LOAD ./Drivers/STM32L4xx_HAL_Driver/Src/stm32l4xx_hal_pwr_ex.o
LOAD ./Drivers/STM32L4xx_HAL_Driver/Src/stm32l4xx_hal_rcc.o
LOAD ./Drivers/STM32L4xx_HAL_Driver/Src/stm32l4xx_hal_rcc_ex.o
LOAD ./Drivers/STM32L4xx_HAL_Driver/Src/stm32l4xx_hal_tim.o
LOAD ./Drivers/STM32L4xx_HAL_Driver/Src/stm32l4xx_hal_tim_ex.o
LOAD ./Drivers/STM32L4xx_HAL_Driver/Src/stm32l4xx_hal_uart.o
LOAD ./Drivers/STM32L4xx_HAL_Driver/Src/stm32l4xx_hal_uart_ex.o
START GROUP
LOAD c:/st/stm32cubeide_1.12.1/stm32cubeide/plugins/com.st.stm32cube.ide.mcu.externaltools.gnu-tools-for-stm32.10.3-2021.10.win32_1.0.200.202301161003/tools/bin/../lib/gcc/arm-none-eabi/10.3.1/../../../../arm-none-eabi/lib/thumb/v7e-m+fp/hard\libc_nano.a
LOAD c:/st/stm32cubeide_1.12.1/stm32cubeide/plugins/com.st.stm32cube.ide.mcu.externaltools.gnu-tools-for-stm32.10.3-2021.10.win32_1.0.200.202301161003/tools/bin/../lib/gcc/arm-none-eabi/10.3.1/../../../../arm-none-eabi/lib/thumb/v7e-m+fp/hard\libm.a
END GROUP
START GROUP
LOAD c:/st/stm32cubeide_1.12.1/stm32cubeide/plugins/com.st.stm32cube.ide.mcu.externaltools.gnu-tools-for-stm32.10.3-2021.10.win32_1.0.200.202301161003/tools/bin/../lib/gcc/arm-none-eabi/10.3.1/thumb/v7e-m+fp/hard\libgcc.a
LOAD c:/st/stm32cubeide_1.12.1/stm32cubeide/plugins/com.st.stm32cube.ide.mcu.externaltools.gnu-tools-for-stm32.10.3-2021.10.win32_1.0.200.202301161003/tools/bin/../lib/gcc/arm-none-eabi/10.3.1/../../../../arm-none-eabi/lib/thumb/v7e-m+fp/hard\libc_nano.a
END GROUP
START GROUP
LOAD c:/st/stm32cubeide_1.12.1/stm32cubeide/plugins/com.st.stm32cube.ide.mcu.externaltools.gnu-tools-for-stm32.10.3-2021.10.win32_1.0.200.202301161003/tools/bin/../lib/gcc/arm-none-eabi/10.3.1/thumb/v7e-m+fp/hard\libgcc.a
LOAD c:/st/stm32cubeide_1.12.1/stm32cubeide/plugins/com.st.stm32cube.ide.mcu.externaltools.gnu-tools-for-stm32.10.3-2021.10.win32_1.0.200.202301161003/tools/bin/../lib/gcc/arm-none-eabi/10.3.1/../../../../arm-none-eabi/lib/thumb/v7e-m+fp/hard\libc_nano.a
LOAD c:/st/stm32cubeide_1.12.1/stm32cubeide/plugins/com.st.stm32cube.ide.mcu.externaltools.gnu-tools-for-stm32.10.3-2021.10.win32_1.0.200.202301161003/tools/bin/../lib/gcc/arm-none-eabi/10.3.1/../../../../arm-none-eabi/lib/thumb/v7e-m+fp/hard\libnosys.a
END GROUP
START GROUP
LOAD c:/st/stm32cubeide_1.12.1/stm32cubeide/plugins/com.st.stm32cube.ide.mcu.externaltools.gnu-tools-for-stm32.10.3-2021.10.win32_1.0.200.202301161003/tools/bin/../lib/gcc/arm-none-eabi/10.3.1/thumb/v7e-m+fp/hard\libgcc.a
LOAD c:/st/stm32cubeide_1.12.1/stm32cubeide/plugins/com.st.stm32cube.ide.mcu.externaltools.gnu-tools-for-stm32.10.3-2021.10.win32_1.0.200.202301161003/tools/bin/../lib/gcc/arm-none-eabi/10.3.1/../../../../arm-none-eabi/lib/thumb/v7e-m+fp/hard\libc_nano.a
LOAD c:/st/stm32cubeide_1.12.1/stm32cubeide/plugins/com.st.stm32cube.ide.mcu.externaltools.gnu-tools-for-stm32.10.3-2021.10.win32_1.0.200.202301161003/tools/bin/../lib/gcc/arm-none-eabi/10.3.1/../../../../arm-none-eabi/lib/thumb/v7e-m+fp/hard\libnosys.a
END GROUP
LOAD c:/st/stm32cubeide_1.12.1/stm32cubeide/plugins/com.st.stm32cube.ide.mcu.externaltools.gnu-tools-for-stm32.10.3-2021.10.win32_1.0.200.202301161003/tools/bin/../lib/gcc/arm-none-eabi/10.3.1/thumb/v7e-m+fp/hard/crtend.o
LOAD c:/st/stm32cubeide_1.12.1/stm32cubeide/plugins/com.st.stm32cube.ide.mcu.externaltools.gnu-tools-for-stm32.10.3-2021.10.win32_1.0.200.202301161003/tools/bin/../lib/gcc/arm-none-eabi/10.3.1/thumb/v7e-m+fp/hard/crtn.o
                0x0000000020010000                _estack = (ORIGIN (RAM) + LENGTH (RAM))
                0x0000000000000200                _Min_Heap_Size = 0x200
                0x0000000000000400                _Min_Stack_Size = 0x400

.isr_vector     0x0000000008000000      0x18c
                0x0000000008000000                . = ALIGN (0x4)
 *(.isr_vector)
 .isr_vector    0x0000000008000000      0x18c ./Core/Startup/startup_stm32l432kcux.o
                0x0000000008000000                g_pfnVectors
                0x000000000800018c                . = ALIGN (0x4)

.text           0x000000000800018c     0x55ec
                0x000000000800018c                . = ALIGN (0x4)
 *(.text)
 .text          0x000000000800018c       0x40 c:/st/stm32cubeide_1.12.1/stm32cubeide/plugins/com.st.stm32cube.ide.mcu.externaltools.gnu-tools-for-stm32.10.3-2021.10.win32_1.0.200.202301161003/tools/bin/../lib/gcc/arm-none-eabi/10.3.1/thumb/v7e-m+fp/hard/crtbegin.o
 .text          0x00000000080001cc       0x14 c:/st/stm32cubeide_1.12.1/stm32cubeide/plugins/com.st.stm32cube.ide.mcu.externaltools.gnu-tools-for-stm32.10.3-2021.10.win32_1.0.200.202301161003/tools/bin/../lib/gcc/arm-none-eabi/10.3.1/../../../../arm-none-eabi/lib/thumb/v7e-m+fp/hard\libc_nano.a(lib_a-strcmp.o)
                0x00000000080001cc                strcmp
 .text          0x00000000080001e0       0x30 c:/st/stm32cubeide_1.12.1/stm32cubeide/plugins/com.st.stm32cube.ide.mcu.externaltools.gnu-tools-for-stm32.10.3-2021.10.win32_1.0.200.202301161003/tools/bin/../lib/gcc/arm-none-eabi/10.3.1/thumb/v7e-m+fp/hard\libgcc.a(_aeabi_uldivmod.o)
                0x00000000080001e0                __aeabi_uldivmod
 .text          0x0000000008000210      0x2d0 c:/st/stm32cubeide_1.12.1/stm32cubeide/plugins/com.st.stm32cube.ide.mcu.externaltools.gnu-tools-for-stm32.10.3-2021.10.win32_1.0.200.202301161003/tools/bin/../lib/gcc/arm-none-eabi/10.3.1/thumb/v7e-m+fp/hard\libgcc.a(_udivmoddi4.o)
                0x0000000008000210                __udivmoddi4
 .text          0x00000000080004e0        0x4 c:/st/stm32cubeide_1.12.1/stm32cubeide/plugins/com.st.stm32cube.ide.mcu.externaltools.gnu-tools-for-stm32.10.3-2021.10.win32_1.0.200.202301161003/tools/bin/../lib/gcc/arm-none-eabi/10.3.1/thumb/v7e-m+fp/hard\libgcc.a(_dvmd_tls.o)
                0x00000000080004e0                __aeabi_idiv0
                0x00000000080004e0                __aeabi_ldiv0
 *(.text*)
 .text.fsm_state_change
                0x00000000080004e4       0xac ./Core/Inc/fsm.o
                0x00000000080004e4                fsm_state_change
 .text.fsm_state_action
                0x0000000008000590      0x148 ./Core/Inc/fsm.o
                0x0000000008000590                fsm_state_action
 .text.signal_read
                0x00000000080006d8       0x44 ./Core/Inc/read_signals.o
                0x00000000080006d8                signal_read
 .text.main     0x000000000800071c       0x74 ./Core/Src/main.o
                0x000000000800071c                main
 .text.SystemClock_Config
                0x0000000008000790       0xc4 ./Core/Src/main.o
                0x0000000008000790                SystemClock_Config
 .text.MX_TIM1_Init
                0x0000000008000854      0x158 ./Core/Src/main.o
 .text.MX_TIM2_Init
                0x00000000080009ac       0xec ./Core/Src/main.o
 .text.MX_TIM6_Init
                0x0000000008000a98       0x6c ./Core/Src/main.o
 .text.MX_USART1_UART_Init
                0x0000000008000b04       0x64 ./Core/Src/main.o
 .text.MX_GPIO_Init
                0x0000000008000b68      0x100 ./Core/Src/main.o
 .text.HAL_TIM_PeriodElapsedCallback
                0x0000000008000c68       0x20 ./Core/Src/main.o
                0x0000000008000c68                HAL_TIM_PeriodElapsedCallback
 .text.HAL_UART_RxCpltCallback
                0x0000000008000c88       0xa0 ./Core/Src/main.o
                0x0000000008000c88                HAL_UART_RxCpltCallback
 .text.main_tick
                0x0000000008000d28       0x70 ./Core/Src/main.o
                0x0000000008000d28                main_tick
 .text.status_led
                0x0000000008000d98       0x30 ./Core/Src/main.o
                0x0000000008000d98                status_led
 .text.Error_Handler
                0x0000000008000dc8        0xa ./Core/Src/main.o
                0x0000000008000dc8                Error_Handler
 *fill*         0x0000000008000dd2        0x2 
 .text.HAL_MspInit
                0x0000000008000dd4       0x48 ./Core/Src/stm32l4xx_hal_msp.o
                0x0000000008000dd4                HAL_MspInit
 .text.HAL_TIM_Base_MspInit
                0x0000000008000e1c       0x98 ./Core/Src/stm32l4xx_hal_msp.o
                0x0000000008000e1c                HAL_TIM_Base_MspInit
 .text.HAL_TIM_MspPostInit
                0x0000000008000eb4       0xb4 ./Core/Src/stm32l4xx_hal_msp.o
                0x0000000008000eb4                HAL_TIM_MspPostInit
 .text.HAL_UART_MspInit
                0x0000000008000f68       0xc0 ./Core/Src/stm32l4xx_hal_msp.o
                0x0000000008000f68                HAL_UART_MspInit
 .text.NMI_Handler
                0x0000000008001028        0x6 ./Core/Src/stm32l4xx_it.o
                0x0000000008001028                NMI_Handler
 .text.HardFault_Handler
                0x000000000800102e        0x6 ./Core/Src/stm32l4xx_it.o
                0x000000000800102e                HardFault_Handler
 .text.MemManage_Handler
                0x0000000008001034        0x6 ./Core/Src/stm32l4xx_it.o
                0x0000000008001034                MemManage_Handler
 .text.BusFault_Handler
                0x000000000800103a        0x6 ./Core/Src/stm32l4xx_it.o
                0x000000000800103a                BusFault_Handler
 .text.UsageFault_Handler
                0x0000000008001040        0x6 ./Core/Src/stm32l4xx_it.o
                0x0000000008001040                UsageFault_Handler
 .text.SVC_Handler
                0x0000000008001046        0xe ./Core/Src/stm32l4xx_it.o
                0x0000000008001046                SVC_Handler
 .text.DebugMon_Handler
                0x0000000008001054        0xe ./Core/Src/stm32l4xx_it.o
                0x0000000008001054                DebugMon_Handler
 .text.PendSV_Handler
                0x0000000008001062        0xe ./Core/Src/stm32l4xx_it.o
                0x0000000008001062                PendSV_Handler
 .text.SysTick_Handler
                0x0000000008001070        0xc ./Core/Src/stm32l4xx_it.o
                0x0000000008001070                SysTick_Handler
 .text.USART1_IRQHandler
                0x000000000800107c       0x14 ./Core/Src/stm32l4xx_it.o
                0x000000000800107c                USART1_IRQHandler
 .text.TIM6_DAC_IRQHandler
                0x0000000008001090       0x14 ./Core/Src/stm32l4xx_it.o
                0x0000000008001090                TIM6_DAC_IRQHandler
 .text.SystemInit
                0x00000000080010a4       0x24 ./Core/Src/system_stm32l4xx.o
                0x00000000080010a4                SystemInit
 .text.Reset_Handler
                0x00000000080010c8       0x50 ./Core/Startup/startup_stm32l432kcux.o
                0x00000000080010c8                Reset_Handler
 .text.Default_Handler
                0x0000000008001118        0x2 ./Core/Startup/startup_stm32l432kcux.o
                0x0000000008001118                RTC_Alarm_IRQHandler
                0x0000000008001118                EXTI2_IRQHandler
                0x0000000008001118                TIM1_CC_IRQHandler
                0x0000000008001118                TSC_IRQHandler
                0x0000000008001118                TAMP_STAMP_IRQHandler
                0x0000000008001118                EXTI3_IRQHandler
                0x0000000008001118                LPTIM2_IRQHandler
                0x0000000008001118                I2C3_ER_IRQHandler
                0x0000000008001118                EXTI0_IRQHandler
                0x0000000008001118                CAN1_RX0_IRQHandler
                0x0000000008001118                FPU_IRQHandler
                0x0000000008001118                TIM1_UP_TIM16_IRQHandler
                0x0000000008001118                SPI1_IRQHandler
                0x0000000008001118                DMA2_Channel2_IRQHandler
                0x0000000008001118                DMA1_Channel4_IRQHandler
                0x0000000008001118                ADC1_IRQHandler
                0x0000000008001118                DMA1_Channel7_IRQHandler
                0x0000000008001118                CAN1_RX1_IRQHandler
                0x0000000008001118                DMA2_Channel1_IRQHandler
                0x0000000008001118                QUADSPI_IRQHandler
                0x0000000008001118                I2C1_EV_IRQHandler
                0x0000000008001118                DMA1_Channel6_IRQHandler
                0x0000000008001118                DMA2_Channel4_IRQHandler
                0x0000000008001118                RCC_IRQHandler
                0x0000000008001118                TIM1_TRG_COM_IRQHandler
                0x0000000008001118                DMA1_Channel1_IRQHandler
                0x0000000008001118                Default_Handler
                0x0000000008001118                DMA2_Channel7_IRQHandler
                0x0000000008001118                EXTI15_10_IRQHandler
                0x0000000008001118                TIM7_IRQHandler
                0x0000000008001118                I2C3_EV_IRQHandler
                0x0000000008001118                USB_IRQHandler
                0x0000000008001118                EXTI9_5_IRQHandler
                0x0000000008001118                RTC_WKUP_IRQHandler
                0x0000000008001118                PVD_PVM_IRQHandler
                0x0000000008001118                CAN1_TX_IRQHandler
                0x0000000008001118                DMA2_Channel5_IRQHandler
                0x0000000008001118                CRS_IRQHandler
                0x0000000008001118                DMA1_Channel5_IRQHandler
                0x0000000008001118                EXTI4_IRQHandler
                0x0000000008001118                RNG_IRQHandler
                0x0000000008001118                DMA1_Channel3_IRQHandler
                0x0000000008001118                COMP_IRQHandler
                0x0000000008001118                WWDG_IRQHandler
                0x0000000008001118                LPUART1_IRQHandler
                0x0000000008001118                DMA2_Channel6_IRQHandler
                0x0000000008001118                TIM2_IRQHandler
                0x0000000008001118                EXTI1_IRQHandler
                0x0000000008001118                USART2_IRQHandler
                0x0000000008001118                DMA1_Channel2_IRQHandler
                0x0000000008001118                CAN1_SCE_IRQHandler
                0x0000000008001118                FLASH_IRQHandler
                0x0000000008001118                SPI3_IRQHandler
                0x0000000008001118                I2C1_ER_IRQHandler
                0x0000000008001118                SWPMI1_IRQHandler
                0x0000000008001118                LPTIM1_IRQHandler
                0x0000000008001118                SAI1_IRQHandler
                0x0000000008001118                DMA2_Channel3_IRQHandler
                0x0000000008001118                TIM1_BRK_TIM15_IRQHandler
 .text.HAL_Init
                0x000000000800111a       0x30 ./Drivers/STM32L4xx_HAL_Driver/Src/stm32l4xx_hal.o
                0x000000000800111a                HAL_Init
 *fill*         0x000000000800114a        0x2 
 .text.HAL_InitTick
                0x000000000800114c       0x78 ./Drivers/STM32L4xx_HAL_Driver/Src/stm32l4xx_hal.o
                0x000000000800114c                HAL_InitTick
 .text.HAL_IncTick
                0x00000000080011c4       0x28 ./Drivers/STM32L4xx_HAL_Driver/Src/stm32l4xx_hal.o
                0x00000000080011c4                HAL_IncTick
 .text.HAL_GetTick
                0x00000000080011ec       0x18 ./Drivers/STM32L4xx_HAL_Driver/Src/stm32l4xx_hal.o
                0x00000000080011ec                HAL_GetTick
 .text.__NVIC_SetPriorityGrouping
                0x0000000008001204       0x48 ./Drivers/STM32L4xx_HAL_Driver/Src/stm32l4xx_hal_cortex.o
 .text.__NVIC_GetPriorityGrouping
                0x000000000800124c       0x1c ./Drivers/STM32L4xx_HAL_Driver/Src/stm32l4xx_hal_cortex.o
 .text.__NVIC_EnableIRQ
                0x0000000008001268       0x3c ./Drivers/STM32L4xx_HAL_Driver/Src/stm32l4xx_hal_cortex.o
 .text.__NVIC_SetPriority
                0x00000000080012a4       0x54 ./Drivers/STM32L4xx_HAL_Driver/Src/stm32l4xx_hal_cortex.o
 .text.NVIC_EncodePriority
                0x00000000080012f8       0x66 ./Drivers/STM32L4xx_HAL_Driver/Src/stm32l4xx_hal_cortex.o
 *fill*         0x000000000800135e        0x2 
 .text.SysTick_Config
                0x0000000008001360       0x44 ./Drivers/STM32L4xx_HAL_Driver/Src/stm32l4xx_hal_cortex.o
 .text.HAL_NVIC_SetPriorityGrouping
                0x00000000080013a4       0x16 ./Drivers/STM32L4xx_HAL_Driver/Src/stm32l4xx_hal_cortex.o
                0x00000000080013a4                HAL_NVIC_SetPriorityGrouping
 .text.HAL_NVIC_SetPriority
                0x00000000080013ba       0x38 ./Drivers/STM32L4xx_HAL_Driver/Src/stm32l4xx_hal_cortex.o
                0x00000000080013ba                HAL_NVIC_SetPriority
 .text.HAL_NVIC_EnableIRQ
                0x00000000080013f2       0x1c ./Drivers/STM32L4xx_HAL_Driver/Src/stm32l4xx_hal_cortex.o
                0x00000000080013f2                HAL_NVIC_EnableIRQ
 .text.HAL_SYSTICK_Config
                0x000000000800140e       0x18 ./Drivers/STM32L4xx_HAL_Driver/Src/stm32l4xx_hal_cortex.o
                0x000000000800140e                HAL_SYSTICK_Config
 .text.HAL_DMA_Abort
                0x0000000008001426       0x7c ./Drivers/STM32L4xx_HAL_Driver/Src/stm32l4xx_hal_dma.o
                0x0000000008001426                HAL_DMA_Abort
 .text.HAL_DMA_Abort_IT
                0x00000000080014a2       0x82 ./Drivers/STM32L4xx_HAL_Driver/Src/stm32l4xx_hal_dma.o
                0x00000000080014a2                HAL_DMA_Abort_IT
 .text.HAL_GPIO_Init
                0x0000000008001524      0x2d4 ./Drivers/STM32L4xx_HAL_Driver/Src/stm32l4xx_hal_gpio.o
                0x0000000008001524                HAL_GPIO_Init
 .text.HAL_GPIO_ReadPin
                0x00000000080017f8       0x30 ./Drivers/STM32L4xx_HAL_Driver/Src/stm32l4xx_hal_gpio.o
                0x00000000080017f8                HAL_GPIO_ReadPin
 .text.HAL_GPIO_WritePin
                0x0000000008001828       0x30 ./Drivers/STM32L4xx_HAL_Driver/Src/stm32l4xx_hal_gpio.o
                0x0000000008001828                HAL_GPIO_WritePin
 .text.HAL_PWR_EnableBkUpAccess
                0x0000000008001858       0x20 ./Drivers/STM32L4xx_HAL_Driver/Src/stm32l4xx_hal_pwr.o
                0x0000000008001858                HAL_PWR_EnableBkUpAccess
 .text.HAL_PWREx_GetVoltageRange
                0x0000000008001878       0x1c ./Drivers/STM32L4xx_HAL_Driver/Src/stm32l4xx_hal_pwr_ex.o
                0x0000000008001878                HAL_PWREx_GetVoltageRange
 .text.HAL_PWREx_ControlVoltageScaling
                0x0000000008001894       0xac ./Drivers/STM32L4xx_HAL_Driver/Src/stm32l4xx_hal_pwr_ex.o
                0x0000000008001894                HAL_PWREx_ControlVoltageScaling
 .text.HAL_RCC_OscConfig
                0x0000000008001940      0x828 ./Drivers/STM32L4xx_HAL_Driver/Src/stm32l4xx_hal_rcc.o
                0x0000000008001940                HAL_RCC_OscConfig
 .text.HAL_RCC_ClockConfig
                0x0000000008002168      0x200 ./Drivers/STM32L4xx_HAL_Driver/Src/stm32l4xx_hal_rcc.o
                0x0000000008002168                HAL_RCC_ClockConfig
 .text.HAL_RCC_GetSysClockFreq
                0x0000000008002368      0x118 ./Drivers/STM32L4xx_HAL_Driver/Src/stm32l4xx_hal_rcc.o
                0x0000000008002368                HAL_RCC_GetSysClockFreq
 .text.HAL_RCC_GetHCLKFreq
                0x0000000008002480       0x18 ./Drivers/STM32L4xx_HAL_Driver/Src/stm32l4xx_hal_rcc.o
                0x0000000008002480                HAL_RCC_GetHCLKFreq
 .text.HAL_RCC_GetPCLK1Freq
                0x0000000008002498       0x2c ./Drivers/STM32L4xx_HAL_Driver/Src/stm32l4xx_hal_rcc.o
                0x0000000008002498                HAL_RCC_GetPCLK1Freq
 .text.HAL_RCC_GetPCLK2Freq
                0x00000000080024c4       0x2c ./Drivers/STM32L4xx_HAL_Driver/Src/stm32l4xx_hal_rcc.o
                0x00000000080024c4                HAL_RCC_GetPCLK2Freq
 .text.RCC_SetFlashLatencyFromMSIRange
                0x00000000080024f0       0xc0 ./Drivers/STM32L4xx_HAL_Driver/Src/stm32l4xx_hal_rcc.o
 .text.HAL_RCCEx_PeriphCLKConfig
                0x00000000080025b0      0x3ec ./Drivers/STM32L4xx_HAL_Driver/Src/stm32l4xx_hal_rcc_ex.o
                0x00000000080025b0                HAL_RCCEx_PeriphCLKConfig
 .text.HAL_RCCEx_EnableMSIPLLMode
                0x000000000800299c       0x20 ./Drivers/STM32L4xx_HAL_Driver/Src/stm32l4xx_hal_rcc_ex.o
                0x000000000800299c                HAL_RCCEx_EnableMSIPLLMode
 .text.RCCEx_PLLSAI1_Config
                0x00000000080029bc      0x1e4 ./Drivers/STM32L4xx_HAL_Driver/Src/stm32l4xx_hal_rcc_ex.o
 .text.HAL_TIM_Base_Init
                0x0000000008002ba0       0xae ./Drivers/STM32L4xx_HAL_Driver/Src/stm32l4xx_hal_tim.o
                0x0000000008002ba0                HAL_TIM_Base_Init
 *fill*         0x0000000008002c4e        0x2 
 .text.HAL_TIM_Base_Start_IT
                0x0000000008002c50       0xa8 ./Drivers/STM32L4xx_HAL_Driver/Src/stm32l4xx_hal_tim.o
                0x0000000008002c50                HAL_TIM_Base_Start_IT
 .text.HAL_TIM_PWM_Init
                0x0000000008002cf8       0xae ./Drivers/STM32L4xx_HAL_Driver/Src/stm32l4xx_hal_tim.o
                0x0000000008002cf8                HAL_TIM_PWM_Init
 .text.HAL_TIM_PWM_MspInit
                0x0000000008002da6       0x14 ./Drivers/STM32L4xx_HAL_Driver/Src/stm32l4xx_hal_tim.o
                0x0000000008002da6                HAL_TIM_PWM_MspInit
 *fill*         0x0000000008002dba        0x2 
 .text.HAL_TIM_PWM_Start
                0x0000000008002dbc      0x1bc ./Drivers/STM32L4xx_HAL_Driver/Src/stm32l4xx_hal_tim.o
                0x0000000008002dbc                HAL_TIM_PWM_Start
 .text.HAL_TIM_PWM_Stop
                0x0000000008002f78      0x110 ./Drivers/STM32L4xx_HAL_Driver/Src/stm32l4xx_hal_tim.o
                0x0000000008002f78                HAL_TIM_PWM_Stop
 .text.HAL_TIM_IRQHandler
                0x0000000008003088      0x23e ./Drivers/STM32L4xx_HAL_Driver/Src/stm32l4xx_hal_tim.o
                0x0000000008003088                HAL_TIM_IRQHandler
 *fill*         0x00000000080032c6        0x2 
 .text.HAL_TIM_PWM_ConfigChannel
                0x00000000080032c8      0x228 ./Drivers/STM32L4xx_HAL_Driver/Src/stm32l4xx_hal_tim.o
                0x00000000080032c8                HAL_TIM_PWM_ConfigChannel
 .text.HAL_TIM_ConfigClockSource
                0x00000000080034f0      0x192 ./Drivers/STM32L4xx_HAL_Driver/Src/stm32l4xx_hal_tim.o
                0x00000000080034f0                HAL_TIM_ConfigClockSource
 .text.HAL_TIM_OC_DelayElapsedCallback
                0x0000000008003682       0x14 ./Drivers/STM32L4xx_HAL_Driver/Src/stm32l4xx_hal_tim.o
                0x0000000008003682                HAL_TIM_OC_DelayElapsedCallback
 .text.HAL_TIM_IC_CaptureCallback
                0x0000000008003696       0x14 ./Drivers/STM32L4xx_HAL_Driver/Src/stm32l4xx_hal_tim.o
                0x0000000008003696                HAL_TIM_IC_CaptureCallback
 .text.HAL_TIM_PWM_PulseFinishedCallback
                0x00000000080036aa       0x14 ./Drivers/STM32L4xx_HAL_Driver/Src/stm32l4xx_hal_tim.o
                0x00000000080036aa                HAL_TIM_PWM_PulseFinishedCallback
 .text.HAL_TIM_TriggerCallback
                0x00000000080036be       0x14 ./Drivers/STM32L4xx_HAL_Driver/Src/stm32l4xx_hal_tim.o
                0x00000000080036be                HAL_TIM_TriggerCallback
 *fill*         0x00000000080036d2        0x2 
 .text.TIM_Base_SetConfig
                0x00000000080036d4       0xc8 ./Drivers/STM32L4xx_HAL_Driver/Src/stm32l4xx_hal_tim.o
                0x00000000080036d4                TIM_Base_SetConfig
 .text.TIM_OC1_SetConfig
                0x000000000800379c       0xf8 ./Drivers/STM32L4xx_HAL_Driver/Src/stm32l4xx_hal_tim.o
 .text.TIM_OC2_SetConfig
                0x0000000008003894       0xf4 ./Drivers/STM32L4xx_HAL_Driver/Src/stm32l4xx_hal_tim.o
                0x0000000008003894                TIM_OC2_SetConfig
 .text.TIM_OC3_SetConfig
                0x0000000008003988       0xf0 ./Drivers/STM32L4xx_HAL_Driver/Src/stm32l4xx_hal_tim.o
 .text.TIM_OC4_SetConfig
                0x0000000008003a78       0xbc ./Drivers/STM32L4xx_HAL_Driver/Src/stm32l4xx_hal_tim.o
 .text.TIM_OC5_SetConfig
                0x0000000008003b34       0xb0 ./Drivers/STM32L4xx_HAL_Driver/Src/stm32l4xx_hal_tim.o
 .text.TIM_OC6_SetConfig
                0x0000000008003be4       0xb4 ./Drivers/STM32L4xx_HAL_Driver/Src/stm32l4xx_hal_tim.o
 .text.TIM_TI1_ConfigInputStage
                0x0000000008003c98       0x5e ./Drivers/STM32L4xx_HAL_Driver/Src/stm32l4xx_hal_tim.o
 .text.TIM_TI2_ConfigInputStage
                0x0000000008003cf6       0x60 ./Drivers/STM32L4xx_HAL_Driver/Src/stm32l4xx_hal_tim.o
 .text.TIM_ITRx_SetConfig
                0x0000000008003d56       0x36 ./Drivers/STM32L4xx_HAL_Driver/Src/stm32l4xx_hal_tim.o
 .text.TIM_ETR_SetConfig
                0x0000000008003d8c       0x40 ./Drivers/STM32L4xx_HAL_Driver/Src/stm32l4xx_hal_tim.o
                0x0000000008003d8c                TIM_ETR_SetConfig
 .text.TIM_CCxChannelCmd
                0x0000000008003dcc       0x4a ./Drivers/STM32L4xx_HAL_Driver/Src/stm32l4xx_hal_tim.o
                0x0000000008003dcc                TIM_CCxChannelCmd
 *fill*         0x0000000008003e16        0x2 
 .text.HAL_TIMEx_PWMN_Start
                0x0000000008003e18      0x13c ./Drivers/STM32L4xx_HAL_Driver/Src/stm32l4xx_hal_tim_ex.o
                0x0000000008003e18                HAL_TIMEx_PWMN_Start
 .text.HAL_TIMEx_PWMN_Stop
                0x0000000008003f54       0xba ./Drivers/STM32L4xx_HAL_Driver/Src/stm32l4xx_hal_tim_ex.o
                0x0000000008003f54                HAL_TIMEx_PWMN_Stop
 *fill*         0x000000000800400e        0x2 
 .text.HAL_TIMEx_MasterConfigSynchronization
                0x0000000008004010       0xcc ./Drivers/STM32L4xx_HAL_Driver/Src/stm32l4xx_hal_tim_ex.o
                0x0000000008004010                HAL_TIMEx_MasterConfigSynchronization
 .text.HAL_TIMEx_ConfigBreakDeadTime
                0x00000000080040dc       0xf0 ./Drivers/STM32L4xx_HAL_Driver/Src/stm32l4xx_hal_tim_ex.o
                0x00000000080040dc                HAL_TIMEx_ConfigBreakDeadTime
 .text.HAL_TIMEx_CommutCallback
                0x00000000080041cc       0x14 ./Drivers/STM32L4xx_HAL_Driver/Src/stm32l4xx_hal_tim_ex.o
                0x00000000080041cc                HAL_TIMEx_CommutCallback
 .text.HAL_TIMEx_BreakCallback
                0x00000000080041e0       0x14 ./Drivers/STM32L4xx_HAL_Driver/Src/stm32l4xx_hal_tim_ex.o
                0x00000000080041e0                HAL_TIMEx_BreakCallback
 .text.HAL_TIMEx_Break2Callback
                0x00000000080041f4       0x14 ./Drivers/STM32L4xx_HAL_Driver/Src/stm32l4xx_hal_tim_ex.o
                0x00000000080041f4                HAL_TIMEx_Break2Callback
 .text.TIM_CCxNChannelCmd
                0x0000000008004208       0x4a ./Drivers/STM32L4xx_HAL_Driver/Src/stm32l4xx_hal_tim_ex.o
 .text.HAL_UART_Init
                0x0000000008004252       0x9c ./Drivers/STM32L4xx_HAL_Driver/Src/stm32l4xx_hal_uart.o
                0x0000000008004252                HAL_UART_Init
 *fill*         0x00000000080042ee        0x2 
 .text.HAL_UART_Receive_IT
                0x00000000080042f0       0xac ./Drivers/STM32L4xx_HAL_Driver/Src/stm32l4xx_hal_uart.o
                0x00000000080042f0                HAL_UART_Receive_IT
 .text.HAL_UART_IRQHandler
                0x000000000800439c      0x5c4 ./Drivers/STM32L4xx_HAL_Driver/Src/stm32l4xx_hal_uart.o
                0x000000000800439c                HAL_UART_IRQHandler
 .text.HAL_UART_TxCpltCallback
                0x0000000008004960       0x14 ./Drivers/STM32L4xx_HAL_Driver/Src/stm32l4xx_hal_uart.o
                0x0000000008004960                HAL_UART_TxCpltCallback
 .text.HAL_UART_ErrorCallback
                0x0000000008004974       0x14 ./Drivers/STM32L4xx_HAL_Driver/Src/stm32l4xx_hal_uart.o
                0x0000000008004974                HAL_UART_ErrorCallback
 .text.HAL_UARTEx_RxEventCallback
                0x0000000008004988       0x18 ./Drivers/STM32L4xx_HAL_Driver/Src/stm32l4xx_hal_uart.o
                0x0000000008004988                HAL_UARTEx_RxEventCallback
 .text.UART_SetConfig
                0x00000000080049a0      0x458 ./Drivers/STM32L4xx_HAL_Driver/Src/stm32l4xx_hal_uart.o
                0x00000000080049a0                UART_SetConfig
 .text.UART_AdvFeatureConfig
                0x0000000008004df8      0x144 ./Drivers/STM32L4xx_HAL_Driver/Src/stm32l4xx_hal_uart.o
                0x0000000008004df8                UART_AdvFeatureConfig
 .text.UART_CheckIdleState
                0x0000000008004f3c       0x92 ./Drivers/STM32L4xx_HAL_Driver/Src/stm32l4xx_hal_uart.o
                0x0000000008004f3c                UART_CheckIdleState
 .text.UART_WaitOnFlagUntilTimeout
                0x0000000008004fce      0x188 ./Drivers/STM32L4xx_HAL_Driver/Src/stm32l4xx_hal_uart.o
                0x0000000008004fce                UART_WaitOnFlagUntilTimeout
 *fill*         0x0000000008005156        0x2 
 .text.UART_Start_Receive_IT
                0x0000000008005158      0x194 ./Drivers/STM32L4xx_HAL_Driver/Src/stm32l4xx_hal_uart.o
                0x0000000008005158                UART_Start_Receive_IT
 .text.UART_EndRxTransfer
                0x00000000080052ec       0xc6 ./Drivers/STM32L4xx_HAL_Driver/Src/stm32l4xx_hal_uart.o
 .text.UART_DMAAbortOnError
                0x00000000080053b2       0x2c ./Drivers/STM32L4xx_HAL_Driver/Src/stm32l4xx_hal_uart.o
 .text.UART_EndTransmit_IT
                0x00000000080053de       0x54 ./Drivers/STM32L4xx_HAL_Driver/Src/stm32l4xx_hal_uart.o
 .text.UART_RxISR_8BIT
                0x0000000008005432      0x160 ./Drivers/STM32L4xx_HAL_Driver/Src/stm32l4xx_hal_uart.o
 .text.UART_RxISR_16BIT
                0x0000000008005592      0x160 ./Drivers/STM32L4xx_HAL_Driver/Src/stm32l4xx_hal_uart.o
 .text.HAL_UARTEx_WakeupCallback
                0x00000000080056f2       0x14 ./Drivers/STM32L4xx_HAL_Driver/Src/stm32l4xx_hal_uart_ex.o
                0x00000000080056f2                HAL_UARTEx_WakeupCallback
 *fill*         0x0000000008005706        0x2 
 .text.__libc_init_array
                0x0000000008005708       0x48 c:/st/stm32cubeide_1.12.1/stm32cubeide/plugins/com.st.stm32cube.ide.mcu.externaltools.gnu-tools-for-stm32.10.3-2021.10.win32_1.0.200.202301161003/tools/bin/../lib/gcc/arm-none-eabi/10.3.1/../../../../arm-none-eabi/lib/thumb/v7e-m+fp/hard\libc_nano.a(lib_a-init.o)
                0x0000000008005708                __libc_init_array
 .text.memset   0x0000000008005750       0x10 c:/st/stm32cubeide_1.12.1/stm32cubeide/plugins/com.st.stm32cube.ide.mcu.externaltools.gnu-tools-for-stm32.10.3-2021.10.win32_1.0.200.202301161003/tools/bin/../lib/gcc/arm-none-eabi/10.3.1/../../../../arm-none-eabi/lib/thumb/v7e-m+fp/hard\libc_nano.a(lib_a-memset.o)
                0x0000000008005750                memset
 *(.glue_7)
 .glue_7        0x0000000008005760        0x0 linker stubs
 *(.glue_7t)
 .glue_7t       0x0000000008005760        0x0 linker stubs
 *(.eh_frame)
 .eh_frame      0x0000000008005760        0x0 c:/st/stm32cubeide_1.12.1/stm32cubeide/plugins/com.st.stm32cube.ide.mcu.externaltools.gnu-tools-for-stm32.10.3-2021.10.win32_1.0.200.202301161003/tools/bin/../lib/gcc/arm-none-eabi/10.3.1/thumb/v7e-m+fp/hard/crtbegin.o
 *(.init)
 .init          0x0000000008005760        0x4 c:/st/stm32cubeide_1.12.1/stm32cubeide/plugins/com.st.stm32cube.ide.mcu.externaltools.gnu-tools-for-stm32.10.3-2021.10.win32_1.0.200.202301161003/tools/bin/../lib/gcc/arm-none-eabi/10.3.1/thumb/v7e-m+fp/hard/crti.o
                0x0000000008005760                _init
 .init          0x0000000008005764        0x8 c:/st/stm32cubeide_1.12.1/stm32cubeide/plugins/com.st.stm32cube.ide.mcu.externaltools.gnu-tools-for-stm32.10.3-2021.10.win32_1.0.200.202301161003/tools/bin/../lib/gcc/arm-none-eabi/10.3.1/thumb/v7e-m+fp/hard/crtn.o
 *(.fini)
 .fini          0x000000000800576c        0x4 c:/st/stm32cubeide_1.12.1/stm32cubeide/plugins/com.st.stm32cube.ide.mcu.externaltools.gnu-tools-for-stm32.10.3-2021.10.win32_1.0.200.202301161003/tools/bin/../lib/gcc/arm-none-eabi/10.3.1/thumb/v7e-m+fp/hard/crti.o
                0x000000000800576c                _fini
 .fini          0x0000000008005770        0x8 c:/st/stm32cubeide_1.12.1/stm32cubeide/plugins/com.st.stm32cube.ide.mcu.externaltools.gnu-tools-for-stm32.10.3-2021.10.win32_1.0.200.202301161003/tools/bin/../lib/gcc/arm-none-eabi/10.3.1/thumb/v7e-m+fp/hard/crtn.o
                0x0000000008005778                . = ALIGN (0x4)
                0x0000000008005778                _etext = .

.vfp11_veneer   0x0000000008005778        0x0
 .vfp11_veneer  0x0000000008005778        0x0 linker stubs

.v4_bx          0x0000000008005778        0x0
 .v4_bx         0x0000000008005778        0x0 linker stubs

.iplt           0x0000000008005778        0x0
 .iplt          0x0000000008005778        0x0 c:/st/stm32cubeide_1.12.1/stm32cubeide/plugins/com.st.stm32cube.ide.mcu.externaltools.gnu-tools-for-stm32.10.3-2021.10.win32_1.0.200.202301161003/tools/bin/../lib/gcc/arm-none-eabi/10.3.1/thumb/v7e-m+fp/hard/crtbegin.o

.rodata         0x0000000008005778       0x48
                0x0000000008005778                . = ALIGN (0x4)
 *(.rodata)
 *(.rodata*)
 .rodata.AHBPrescTable
                0x0000000008005778       0x10 ./Core/Src/system_stm32l4xx.o
                0x0000000008005778                AHBPrescTable
 .rodata.APBPrescTable
                0x0000000008005788        0x8 ./Core/Src/system_stm32l4xx.o
                0x0000000008005788                APBPrescTable
 .rodata.MSIRangeTable
                0x0000000008005790       0x30 ./Core/Src/system_stm32l4xx.o
                0x0000000008005790                MSIRangeTable
                0x00000000080057c0                . = ALIGN (0x4)

.ARM.extab      0x00000000080057c0        0x0
                0x00000000080057c0                . = ALIGN (0x4)
 *(.ARM.extab* .gnu.linkonce.armextab.*)
                0x00000000080057c0                . = ALIGN (0x4)

.ARM            0x00000000080057c0        0x8
                0x00000000080057c0                . = ALIGN (0x4)
                0x00000000080057c0                __exidx_start = .
 *(.ARM.exidx*)
 .ARM.exidx     0x00000000080057c0        0x8 c:/st/stm32cubeide_1.12.1/stm32cubeide/plugins/com.st.stm32cube.ide.mcu.externaltools.gnu-tools-for-stm32.10.3-2021.10.win32_1.0.200.202301161003/tools/bin/../lib/gcc/arm-none-eabi/10.3.1/thumb/v7e-m+fp/hard\libgcc.a(_udivmoddi4.o)
                0x00000000080057c8                __exidx_end = .
                0x00000000080057c8                . = ALIGN (0x4)

.rel.dyn        0x00000000080057c8        0x0
 .rel.iplt      0x00000000080057c8        0x0 c:/st/stm32cubeide_1.12.1/stm32cubeide/plugins/com.st.stm32cube.ide.mcu.externaltools.gnu-tools-for-stm32.10.3-2021.10.win32_1.0.200.202301161003/tools/bin/../lib/gcc/arm-none-eabi/10.3.1/thumb/v7e-m+fp/hard/crtbegin.o

.preinit_array  0x00000000080057c8        0x0
                0x00000000080057c8                . = ALIGN (0x4)
                0x00000000080057c8                PROVIDE (__preinit_array_start = .)
 *(.preinit_array*)
                0x00000000080057c8                PROVIDE (__preinit_array_end = .)
                0x00000000080057c8                . = ALIGN (0x4)

.init_array     0x00000000080057c8        0x4
                0x00000000080057c8                . = ALIGN (0x4)
                0x00000000080057c8                PROVIDE (__init_array_start = .)
 *(SORT_BY_NAME(.init_array.*))
 *(.init_array*)
 .init_array    0x00000000080057c8        0x4 c:/st/stm32cubeide_1.12.1/stm32cubeide/plugins/com.st.stm32cube.ide.mcu.externaltools.gnu-tools-for-stm32.10.3-2021.10.win32_1.0.200.202301161003/tools/bin/../lib/gcc/arm-none-eabi/10.3.1/thumb/v7e-m+fp/hard/crtbegin.o
                0x00000000080057cc                PROVIDE (__init_array_end = .)
                0x00000000080057cc                . = ALIGN (0x4)

.fini_array     0x00000000080057cc        0x4
                0x00000000080057cc                . = ALIGN (0x4)
                [!provide]                        PROVIDE (__fini_array_start = .)
 *(SORT_BY_NAME(.fini_array.*))
 *(.fini_array*)
 .fini_array    0x00000000080057cc        0x4 c:/st/stm32cubeide_1.12.1/stm32cubeide/plugins/com.st.stm32cube.ide.mcu.externaltools.gnu-tools-for-stm32.10.3-2021.10.win32_1.0.200.202301161003/tools/bin/../lib/gcc/arm-none-eabi/10.3.1/thumb/v7e-m+fp/hard/crtbegin.o
                [!provide]                        PROVIDE (__fini_array_end = .)
                0x00000000080057d0                . = ALIGN (0x4)
                0x00000000080057d0                _sidata = LOADADDR (.data)

.data           0x0000000020000000       0x24 load address 0x00000000080057d0
                0x0000000020000000                . = ALIGN (0x4)
                0x0000000020000000                _sdata = .
 *(.data)
 *(.data*)
 .data.clamp_open_string
                0x0000000020000000        0x6 ./Core/Src/main.o
                0x0000000020000000                clamp_open_string
 *fill*         0x0000000020000006        0x2 
 .data.clamp_close_string
                0x0000000020000008        0x6 ./Core/Src/main.o
                0x0000000020000008                clamp_close_string
 *fill*         0x000000002000000e        0x2 
 .data.EM_string
                0x0000000020000010        0x6 ./Core/Src/main.o
                0x0000000020000010                EM_string
 .data.state    0x0000000020000016        0x1 ./Core/Src/main.o
                0x0000000020000016                state
 .data.flag_action
                0x0000000020000017        0x1 ./Core/Src/main.o
                0x0000000020000017                flag_action
 .data.SystemCoreClock
                0x0000000020000018        0x4 ./Core/Src/system_stm32l4xx.o
                0x0000000020000018                SystemCoreClock
 .data.uwTickPrio
                0x000000002000001c        0x4 ./Drivers/STM32L4xx_HAL_Driver/Src/stm32l4xx_hal.o
                0x000000002000001c                uwTickPrio
 .data.uwTickFreq
                0x0000000020000020        0x1 ./Drivers/STM32L4xx_HAL_Driver/Src/stm32l4xx_hal.o
                0x0000000020000020                uwTickFreq
 *(.RamFunc)
 *(.RamFunc*)
                0x0000000020000024                . = ALIGN (0x4)
 *fill*         0x0000000020000021        0x3 
                0x0000000020000024                _edata = .

.igot.plt       0x0000000020000024        0x0 load address 0x00000000080057f4
 .igot.plt      0x0000000020000024        0x0 c:/st/stm32cubeide_1.12.1/stm32cubeide/plugins/com.st.stm32cube.ide.mcu.externaltools.gnu-tools-for-stm32.10.3-2021.10.win32_1.0.200.202301161003/tools/bin/../lib/gcc/arm-none-eabi/10.3.1/thumb/v7e-m+fp/hard/crtbegin.o
                0x0000000020000024                . = ALIGN (0x4)

.bss            0x0000000020000024      0x1a0 load address 0x00000000080057f4
                0x0000000020000024                _sbss = .
                0x0000000020000024                __bss_start__ = _sbss
 *(.bss)
 .bss           0x0000000020000024       0x1c c:/st/stm32cubeide_1.12.1/stm32cubeide/plugins/com.st.stm32cube.ide.mcu.externaltools.gnu-tools-for-stm32.10.3-2021.10.win32_1.0.200.202301161003/tools/bin/../lib/gcc/arm-none-eabi/10.3.1/thumb/v7e-m+fp/hard/crtbegin.o
 *(.bss*)
 .bss.counter.0
                0x0000000020000040        0x2 ./Core/Inc/fsm.o
 *fill*         0x0000000020000042        0x2 
 .bss.htim1     0x0000000020000044       0x4c ./Core/Src/main.o
                0x0000000020000044                htim1
 .bss.htim2     0x0000000020000090       0x4c ./Core/Src/main.o
                0x0000000020000090                htim2
 .bss.htim6     0x00000000200000dc       0x4c ./Core/Src/main.o
                0x00000000200000dc                htim6
 .bss.huart1    0x0000000020000128       0x84 ./Core/Src/main.o
                0x0000000020000128                huart1
 .bss.UART1_rxBuffer
                0x00000000200001ac        0x6 ./Core/Src/main.o
                0x00000000200001ac                UART1_rxBuffer
 .bss.req_clamp_open
                0x00000000200001b2        0x1 ./Core/Src/main.o
                0x00000000200001b2                req_clamp_open
 .bss.req_clamp_close
                0x00000000200001b3        0x1 ./Core/Src/main.o
                0x00000000200001b3                req_clamp_close
 .bss.req_EM_open
                0x00000000200001b4        0x1 ./Core/Src/main.o
                0x00000000200001b4                req_EM_open
 *fill*         0x00000000200001b5        0x3 
 .bss.signal    0x00000000200001b8        0x4 ./Core/Src/main.o
                0x00000000200001b8                signal
 .bss.counter.0
                0x00000000200001bc        0x2 ./Core/Src/main.o
 *fill*         0x00000000200001be        0x2 
 .bss.uwTick    0x00000000200001c0        0x4 ./Drivers/STM32L4xx_HAL_Driver/Src/stm32l4xx_hal.o
                0x00000000200001c0                uwTick
 *(COMMON)
                0x00000000200001c4                . = ALIGN (0x4)
                0x00000000200001c4                _ebss = .
                0x00000000200001c4                __bss_end__ = _ebss

._user_heap_stack
                0x00000000200001c4      0x604 load address 0x00000000080057f4
                0x00000000200001c8                . = ALIGN (0x8)
 *fill*         0x00000000200001c4        0x4 
                [!provide]                        PROVIDE (end = .)
                0x00000000200001c8                PROVIDE (_end = .)
                0x00000000200003c8                . = (. + _Min_Heap_Size)
 *fill*         0x00000000200001c8      0x200 
                0x00000000200007c8                . = (. + _Min_Stack_Size)
 *fill*         0x00000000200003c8      0x400 
                0x00000000200007c8                . = ALIGN (0x8)

/DISCARD/
 libc.a(*)
 libm.a(*)
 libgcc.a(*)

.ARM.attributes
                0x0000000000000000       0x30
 *(.ARM.attributes)
 .ARM.attributes
                0x0000000000000000       0x1e c:/st/stm32cubeide_1.12.1/stm32cubeide/plugins/com.st.stm32cube.ide.mcu.externaltools.gnu-tools-for-stm32.10.3-2021.10.win32_1.0.200.202301161003/tools/bin/../lib/gcc/arm-none-eabi/10.3.1/thumb/v7e-m+fp/hard/crti.o
 .ARM.attributes
                0x000000000000001e       0x34 c:/st/stm32cubeide_1.12.1/stm32cubeide/plugins/com.st.stm32cube.ide.mcu.externaltools.gnu-tools-for-stm32.10.3-2021.10.win32_1.0.200.202301161003/tools/bin/../lib/gcc/arm-none-eabi/10.3.1/thumb/v7e-m+fp/hard/crtbegin.o
 .ARM.attributes
                0x0000000000000052       0x34 ./Core/Inc/fsm.o
 .ARM.attributes
                0x0000000000000086       0x34 ./Core/Inc/read_signals.o
 .ARM.attributes
                0x00000000000000ba       0x34 ./Core/Src/main.o
 .ARM.attributes
                0x00000000000000ee       0x34 ./Core/Src/stm32l4xx_hal_msp.o
 .ARM.attributes
                0x0000000000000122       0x34 ./Core/Src/stm32l4xx_it.o
 .ARM.attributes
                0x0000000000000156       0x34 ./Core/Src/system_stm32l4xx.o
 .ARM.attributes
                0x000000000000018a       0x21 ./Core/Startup/startup_stm32l432kcux.o
 .ARM.attributes
                0x00000000000001ab       0x34 ./Drivers/STM32L4xx_HAL_Driver/Src/stm32l4xx_hal.o
 .ARM.attributes
                0x00000000000001df       0x34 ./Drivers/STM32L4xx_HAL_Driver/Src/stm32l4xx_hal_cortex.o
 .ARM.attributes
                0x0000000000000213       0x34 ./Drivers/STM32L4xx_HAL_Driver/Src/stm32l4xx_hal_dma.o
 .ARM.attributes
                0x0000000000000247       0x34 ./Drivers/STM32L4xx_HAL_Driver/Src/stm32l4xx_hal_gpio.o
 .ARM.attributes
                0x000000000000027b       0x34 ./Drivers/STM32L4xx_HAL_Driver/Src/stm32l4xx_hal_pwr.o
 .ARM.attributes
                0x00000000000002af       0x34 ./Drivers/STM32L4xx_HAL_Driver/Src/stm32l4xx_hal_pwr_ex.o
 .ARM.attributes
                0x00000000000002e3       0x34 ./Drivers/STM32L4xx_HAL_Driver/Src/stm32l4xx_hal_rcc.o
 .ARM.attributes
                0x0000000000000317       0x34 ./Drivers/STM32L4xx_HAL_Driver/Src/stm32l4xx_hal_rcc_ex.o
 .ARM.attributes
                0x000000000000034b       0x34 ./Drivers/STM32L4xx_HAL_Driver/Src/stm32l4xx_hal_tim.o
 .ARM.attributes
                0x000000000000037f       0x34 ./Drivers/STM32L4xx_HAL_Driver/Src/stm32l4xx_hal_tim_ex.o
 .ARM.attributes
                0x00000000000003b3       0x34 ./Drivers/STM32L4xx_HAL_Driver/Src/stm32l4xx_hal_uart.o
 .ARM.attributes
                0x00000000000003e7       0x34 ./Drivers/STM32L4xx_HAL_Driver/Src/stm32l4xx_hal_uart_ex.o
 .ARM.attributes
                0x000000000000041b       0x34 c:/st/stm32cubeide_1.12.1/stm32cubeide/plugins/com.st.stm32cube.ide.mcu.externaltools.gnu-tools-for-stm32.10.3-2021.10.win32_1.0.200.202301161003/tools/bin/../lib/gcc/arm-none-eabi/10.3.1/../../../../arm-none-eabi/lib/thumb/v7e-m+fp/hard\libc_nano.a(lib_a-init.o)
 .ARM.attributes
                0x000000000000044f       0x34 c:/st/stm32cubeide_1.12.1/stm32cubeide/plugins/com.st.stm32cube.ide.mcu.externaltools.gnu-tools-for-stm32.10.3-2021.10.win32_1.0.200.202301161003/tools/bin/../lib/gcc/arm-none-eabi/10.3.1/../../../../arm-none-eabi/lib/thumb/v7e-m+fp/hard\libc_nano.a(lib_a-memset.o)
 .ARM.attributes
                0x0000000000000483       0x1c c:/st/stm32cubeide_1.12.1/stm32cubeide/plugins/com.st.stm32cube.ide.mcu.externaltools.gnu-tools-for-stm32.10.3-2021.10.win32_1.0.200.202301161003/tools/bin/../lib/gcc/arm-none-eabi/10.3.1/../../../../arm-none-eabi/lib/thumb/v7e-m+fp/hard\libc_nano.a(lib_a-strcmp.o)
 .ARM.attributes
                0x000000000000049f       0x1e c:/st/stm32cubeide_1.12.1/stm32cubeide/plugins/com.st.stm32cube.ide.mcu.externaltools.gnu-tools-for-stm32.10.3-2021.10.win32_1.0.200.202301161003/tools/bin/../lib/gcc/arm-none-eabi/10.3.1/thumb/v7e-m+fp/hard\libgcc.a(_aeabi_uldivmod.o)
 .ARM.attributes
                0x00000000000004bd       0x34 c:/st/stm32cubeide_1.12.1/stm32cubeide/plugins/com.st.stm32cube.ide.mcu.externaltools.gnu-tools-for-stm32.10.3-2021.10.win32_1.0.200.202301161003/tools/bin/../lib/gcc/arm-none-eabi/10.3.1/thumb/v7e-m+fp/hard\libgcc.a(_udivmoddi4.o)
 .ARM.attributes
                0x00000000000004f1       0x1e c:/st/stm32cubeide_1.12.1/stm32cubeide/plugins/com.st.stm32cube.ide.mcu.externaltools.gnu-tools-for-stm32.10.3-2021.10.win32_1.0.200.202301161003/tools/bin/../lib/gcc/arm-none-eabi/10.3.1/thumb/v7e-m+fp/hard\libgcc.a(_dvmd_tls.o)
 .ARM.attributes
                0x000000000000050f       0x1e c:/st/stm32cubeide_1.12.1/stm32cubeide/plugins/com.st.stm32cube.ide.mcu.externaltools.gnu-tools-for-stm32.10.3-2021.10.win32_1.0.200.202301161003/tools/bin/../lib/gcc/arm-none-eabi/10.3.1/thumb/v7e-m+fp/hard/crtn.o
OUTPUT(PI_Drop_Tower.elf elf32-littlearm)
LOAD linker stubs
LOAD c:/st/stm32cubeide_1.12.1/stm32cubeide/plugins/com.st.stm32cube.ide.mcu.externaltools.gnu-tools-for-stm32.10.3-2021.10.win32_1.0.200.202301161003/tools/bin/../lib/gcc/arm-none-eabi/10.3.1/../../../../arm-none-eabi/lib/thumb/v7e-m+fp/hard\libc.a
LOAD c:/st/stm32cubeide_1.12.1/stm32cubeide/plugins/com.st.stm32cube.ide.mcu.externaltools.gnu-tools-for-stm32.10.3-2021.10.win32_1.0.200.202301161003/tools/bin/../lib/gcc/arm-none-eabi/10.3.1/../../../../arm-none-eabi/lib/thumb/v7e-m+fp/hard\libm.a
LOAD c:/st/stm32cubeide_1.12.1/stm32cubeide/plugins/com.st.stm32cube.ide.mcu.externaltools.gnu-tools-for-stm32.10.3-2021.10.win32_1.0.200.202301161003/tools/bin/../lib/gcc/arm-none-eabi/10.3.1/thumb/v7e-m+fp/hard\libgcc.a

.debug_info     0x0000000000000000    0x12e04
 .debug_info    0x0000000000000000      0x9d3 ./Core/Inc/fsm.o
 .debug_info    0x00000000000009d3      0x232 ./Core/Inc/read_signals.o
 .debug_info    0x0000000000000c05     0x178b ./Core/Src/main.o
 .debug_info    0x0000000000002390     0x1345 ./Core/Src/stm32l4xx_hal_msp.o
 .debug_info    0x00000000000036d5      0xb34 ./Core/Src/stm32l4xx_it.o
 .debug_info    0x0000000000004209      0x5d4 ./Core/Src/system_stm32l4xx.o
 .debug_info    0x00000000000047dd       0x22 ./Core/Startup/startup_stm32l432kcux.o
 .debug_info    0x00000000000047ff      0x9da ./Drivers/STM32L4xx_HAL_Driver/Src/stm32l4xx_hal.o
 .debug_info    0x00000000000051d9      0xda3 ./Drivers/STM32L4xx_HAL_Driver/Src/stm32l4xx_hal_cortex.o
 .debug_info    0x0000000000005f7c      0x76a ./Drivers/STM32L4xx_HAL_Driver/Src/stm32l4xx_hal_dma.o
 .debug_info    0x00000000000066e6      0x821 ./Drivers/STM32L4xx_HAL_Driver/Src/stm32l4xx_hal_gpio.o
 .debug_info    0x0000000000006f07      0x95e ./Drivers/STM32L4xx_HAL_Driver/Src/stm32l4xx_hal_pwr.o
 .debug_info    0x0000000000007865      0x96b ./Drivers/STM32L4xx_HAL_Driver/Src/stm32l4xx_hal_pwr_ex.o
 .debug_info    0x00000000000081d0      0xc97 ./Drivers/STM32L4xx_HAL_Driver/Src/stm32l4xx_hal_rcc.o
 .debug_info    0x0000000000008e67      0xf5b ./Drivers/STM32L4xx_HAL_Driver/Src/stm32l4xx_hal_rcc_ex.o
 .debug_info    0x0000000000009dc2     0x2d04 ./Drivers/STM32L4xx_HAL_Driver/Src/stm32l4xx_hal_tim.o
 .debug_info    0x000000000000cac6     0x17eb ./Drivers/STM32L4xx_HAL_Driver/Src/stm32l4xx_hal_tim_ex.o
 .debug_info    0x000000000000e2b1     0x3d1c ./Drivers/STM32L4xx_HAL_Driver/Src/stm32l4xx_hal_uart.o
 .debug_info    0x0000000000011fcd      0xe37 ./Drivers/STM32L4xx_HAL_Driver/Src/stm32l4xx_hal_uart_ex.o

.debug_abbrev   0x0000000000000000     0x26da
 .debug_abbrev  0x0000000000000000      0x19f ./Core/Inc/fsm.o
 .debug_abbrev  0x000000000000019f      0x125 ./Core/Inc/read_signals.o
 .debug_abbrev  0x00000000000002c4      0x346 ./Core/Src/main.o
 .debug_abbrev  0x000000000000060a      0x20e ./Core/Src/stm32l4xx_hal_msp.o
 .debug_abbrev  0x0000000000000818      0x18b ./Core/Src/stm32l4xx_it.o
 .debug_abbrev  0x00000000000009a3      0x116 ./Core/Src/system_stm32l4xx.o
 .debug_abbrev  0x0000000000000ab9       0x12 ./Core/Startup/startup_stm32l432kcux.o
 .debug_abbrev  0x0000000000000acb      0x21e ./Drivers/STM32L4xx_HAL_Driver/Src/stm32l4xx_hal.o
 .debug_abbrev  0x0000000000000ce9      0x316 ./Drivers/STM32L4xx_HAL_Driver/Src/stm32l4xx_hal_cortex.o
 .debug_abbrev  0x0000000000000fff      0x1d7 ./Drivers/STM32L4xx_HAL_Driver/Src/stm32l4xx_hal_dma.o
 .debug_abbrev  0x00000000000011d6      0x1bb ./Drivers/STM32L4xx_HAL_Driver/Src/stm32l4xx_hal_gpio.o
 .debug_abbrev  0x0000000000001391      0x1c9 ./Drivers/STM32L4xx_HAL_Driver/Src/stm32l4xx_hal_pwr.o
 .debug_abbrev  0x000000000000155a      0x1f3 ./Drivers/STM32L4xx_HAL_Driver/Src/stm32l4xx_hal_pwr_ex.o
 .debug_abbrev  0x000000000000174d      0x2bd ./Drivers/STM32L4xx_HAL_Driver/Src/stm32l4xx_hal_rcc.o
 .debug_abbrev  0x0000000000001a0a      0x299 ./Drivers/STM32L4xx_HAL_Driver/Src/stm32l4xx_hal_rcc_ex.o
 .debug_abbrev  0x0000000000001ca3      0x264 ./Drivers/STM32L4xx_HAL_Driver/Src/stm32l4xx_hal_tim.o
 .debug_abbrev  0x0000000000001f07      0x26c ./Drivers/STM32L4xx_HAL_Driver/Src/stm32l4xx_hal_tim_ex.o
 .debug_abbrev  0x0000000000002173      0x2bc ./Drivers/STM32L4xx_HAL_Driver/Src/stm32l4xx_hal_uart.o
 .debug_abbrev  0x000000000000242f      0x2ab ./Drivers/STM32L4xx_HAL_Driver/Src/stm32l4xx_hal_uart_ex.o

.debug_aranges  0x0000000000000000     0x1000
 .debug_aranges
                0x0000000000000000       0x28 ./Core/Inc/fsm.o
 .debug_aranges
                0x0000000000000028       0x20 ./Core/Inc/read_signals.o
 .debug_aranges
                0x0000000000000048       0x78 ./Core/Src/main.o
 .debug_aranges
                0x00000000000000c0       0x48 ./Core/Src/stm32l4xx_hal_msp.o
 .debug_aranges
                0x0000000000000108       0x70 ./Core/Src/stm32l4xx_it.o
 .debug_aranges
                0x0000000000000178       0x28 ./Core/Src/system_stm32l4xx.o
 .debug_aranges
                0x00000000000001a0       0x28 ./Core/Startup/startup_stm32l432kcux.o
 .debug_aranges
                0x00000000000001c8      0x108 ./Drivers/STM32L4xx_HAL_Driver/Src/stm32l4xx_hal.o
 .debug_aranges
                0x00000000000002d0      0x118 ./Drivers/STM32L4xx_HAL_Driver/Src/stm32l4xx_hal_cortex.o
 .debug_aranges
                0x00000000000003e8       0x80 ./Drivers/STM32L4xx_HAL_Driver/Src/stm32l4xx_hal_dma.o
 .debug_aranges
                0x0000000000000468       0x58 ./Drivers/STM32L4xx_HAL_Driver/Src/stm32l4xx_hal_gpio.o
 .debug_aranges
                0x00000000000004c0       0x98 ./Drivers/STM32L4xx_HAL_Driver/Src/stm32l4xx_hal_pwr.o
 .debug_aranges
                0x0000000000000558      0x128 ./Drivers/STM32L4xx_HAL_Driver/Src/stm32l4xx_hal_pwr_ex.o
 .debug_aranges
                0x0000000000000680       0x90 ./Drivers/STM32L4xx_HAL_Driver/Src/stm32l4xx_hal_rcc.o
 .debug_aranges
                0x0000000000000710       0xf0 ./Drivers/STM32L4xx_HAL_Driver/Src/stm32l4xx_hal_rcc_ex.o
 .debug_aranges
                0x0000000000000800      0x3e0 ./Drivers/STM32L4xx_HAL_Driver/Src/stm32l4xx_hal_tim.o
 .debug_aranges
                0x0000000000000be0      0x180 ./Drivers/STM32L4xx_HAL_Driver/Src/stm32l4xx_hal_tim_ex.o
 .debug_aranges
                0x0000000000000d60      0x228 ./Drivers/STM32L4xx_HAL_Driver/Src/stm32l4xx_hal_uart.o
 .debug_aranges
                0x0000000000000f88       0x78 ./Drivers/STM32L4xx_HAL_Driver/Src/stm32l4xx_hal_uart_ex.o

.debug_ranges   0x0000000000000000      0xf08
 .debug_ranges  0x0000000000000000       0x18 ./Core/Inc/fsm.o
 .debug_ranges  0x0000000000000018       0x10 ./Core/Inc/read_signals.o
 .debug_ranges  0x0000000000000028       0x68 ./Core/Src/main.o
 .debug_ranges  0x0000000000000090       0x38 ./Core/Src/stm32l4xx_hal_msp.o
 .debug_ranges  0x00000000000000c8       0x60 ./Core/Src/stm32l4xx_it.o
 .debug_ranges  0x0000000000000128       0x18 ./Core/Src/system_stm32l4xx.o
 .debug_ranges  0x0000000000000140       0x20 ./Core/Startup/startup_stm32l432kcux.o
 .debug_ranges  0x0000000000000160       0xf8 ./Drivers/STM32L4xx_HAL_Driver/Src/stm32l4xx_hal.o
 .debug_ranges  0x0000000000000258      0x108 ./Drivers/STM32L4xx_HAL_Driver/Src/stm32l4xx_hal_cortex.o
 .debug_ranges  0x0000000000000360       0x70 ./Drivers/STM32L4xx_HAL_Driver/Src/stm32l4xx_hal_dma.o
 .debug_ranges  0x00000000000003d0       0x48 ./Drivers/STM32L4xx_HAL_Driver/Src/stm32l4xx_hal_gpio.o
 .debug_ranges  0x0000000000000418       0x88 ./Drivers/STM32L4xx_HAL_Driver/Src/stm32l4xx_hal_pwr.o
 .debug_ranges  0x00000000000004a0      0x118 ./Drivers/STM32L4xx_HAL_Driver/Src/stm32l4xx_hal_pwr_ex.o
 .debug_ranges  0x00000000000005b8       0x80 ./Drivers/STM32L4xx_HAL_Driver/Src/stm32l4xx_hal_rcc.o
 .debug_ranges  0x0000000000000638       0xe0 ./Drivers/STM32L4xx_HAL_Driver/Src/stm32l4xx_hal_rcc_ex.o
 .debug_ranges  0x0000000000000718      0x3d0 ./Drivers/STM32L4xx_HAL_Driver/Src/stm32l4xx_hal_tim.o
 .debug_ranges  0x0000000000000ae8      0x170 ./Drivers/STM32L4xx_HAL_Driver/Src/stm32l4xx_hal_tim_ex.o
 .debug_ranges  0x0000000000000c58      0x248 ./Drivers/STM32L4xx_HAL_Driver/Src/stm32l4xx_hal_uart.o
 .debug_ranges  0x0000000000000ea0       0x68 ./Drivers/STM32L4xx_HAL_Driver/Src/stm32l4xx_hal_uart_ex.o

.debug_macro    0x0000000000000000    0x20ec5
 .debug_macro   0x0000000000000000      0x2aa ./Core/Inc/fsm.o
 .debug_macro   0x00000000000002aa      0xa78 ./Core/Inc/fsm.o
 .debug_macro   0x0000000000000d22      0x1a7 ./Core/Inc/fsm.o
 .debug_macro   0x0000000000000ec9       0x2e ./Core/Inc/fsm.o
 .debug_macro   0x0000000000000ef7       0x28 ./Core/Inc/fsm.o
 .debug_macro   0x0000000000000f1f       0x22 ./Core/Inc/fsm.o
 .debug_macro   0x0000000000000f41       0x8e ./Core/Inc/fsm.o
 .debug_macro   0x0000000000000fcf       0x51 ./Core/Inc/fsm.o
 .debug_macro   0x0000000000001020      0x103 ./Core/Inc/fsm.o
 .debug_macro   0x0000000000001123       0x6a ./Core/Inc/fsm.o
 .debug_macro   0x000000000000118d      0x1df ./Core/Inc/fsm.o
 .debug_macro   0x000000000000136c       0x1c ./Core/Inc/fsm.o
 .debug_macro   0x0000000000001388       0x22 ./Core/Inc/fsm.o
 .debug_macro   0x00000000000013aa       0xfb ./Core/Inc/fsm.o
 .debug_macro   0x00000000000014a5     0x1011 ./Core/Inc/fsm.o
 .debug_macro   0x00000000000024b6      0x11f ./Core/Inc/fsm.o
 .debug_macro   0x00000000000025d5    0x147a6 ./Core/Inc/fsm.o
 .debug_macro   0x0000000000016d7b       0x6d ./Core/Inc/fsm.o
 .debug_macro   0x0000000000016de8     0x38e6 ./Core/Inc/fsm.o
 .debug_macro   0x000000000001a6ce      0x174 ./Core/Inc/fsm.o
 .debug_macro   0x000000000001a842       0x5c ./Core/Inc/fsm.o
 .debug_macro   0x000000000001a89e     0x11ca ./Core/Inc/fsm.o
 .debug_macro   0x000000000001ba68      0x53c ./Core/Inc/fsm.o
 .debug_macro   0x000000000001bfa4      0x1b9 ./Core/Inc/fsm.o
 .debug_macro   0x000000000001c15d      0x122 ./Core/Inc/fsm.o
 .debug_macro   0x000000000001c27f      0x26b ./Core/Inc/fsm.o
 .debug_macro   0x000000000001c4ea      0x23d ./Core/Inc/fsm.o
 .debug_macro   0x000000000001c727      0x241 ./Core/Inc/fsm.o
 .debug_macro   0x000000000001c968      0x375 ./Core/Inc/fsm.o
 .debug_macro   0x000000000001ccdd       0xd6 ./Core/Inc/fsm.o
 .debug_macro   0x000000000001cdb3      0x122 ./Core/Inc/fsm.o
 .debug_macro   0x000000000001ced5      0x356 ./Core/Inc/fsm.o
 .debug_macro   0x000000000001d22b      0xa91 ./Core/Inc/fsm.o
 .debug_macro   0x000000000001dcbc      0x12d ./Core/Inc/fsm.o
 .debug_macro   0x000000000001dde9      0x5ba ./Core/Inc/fsm.o
 .debug_macro   0x000000000001e3a3       0x44 ./Core/Inc/fsm.o
 .debug_macro   0x000000000001e3e7      0x220 ./Core/Inc/fsm.o
 .debug_macro   0x000000000001e607       0x22 ./Core/Inc/fsm.o
 .debug_macro   0x000000000001e629       0x22 ./Core/Inc/fsm.o
 .debug_macro   0x000000000001e64b       0x52 ./Core/Inc/fsm.o
 .debug_macro   0x000000000001e69d       0x1e ./Core/Inc/fsm.o
 .debug_macro   0x000000000001e6bb       0x3c ./Core/Inc/fsm.o
 .debug_macro   0x000000000001e6f7       0x34 ./Core/Inc/fsm.o
 .debug_macro   0x000000000001e72b       0x16 ./Core/Inc/fsm.o
 .debug_macro   0x000000000001e741       0x43 ./Core/Inc/fsm.o
 .debug_macro   0x000000000001e784       0x34 ./Core/Inc/fsm.o
 .debug_macro   0x000000000001e7b8       0x10 ./Core/Inc/fsm.o
 .debug_macro   0x000000000001e7c8       0x58 ./Core/Inc/fsm.o
 .debug_macro   0x000000000001e820       0x71 ./Core/Inc/fsm.o
 .debug_macro   0x000000000001e891       0x1c ./Core/Inc/fsm.o
 .debug_macro   0x000000000001e8ad      0x12a ./Core/Inc/fsm.o
 .debug_macro   0x000000000001e9d7      0x341 ./Core/Inc/fsm.o
 .debug_macro   0x000000000001ed18       0x10 ./Core/Inc/fsm.o
 .debug_macro   0x000000000001ed28       0x35 ./Core/Inc/fsm.o
 .debug_macro   0x000000000001ed5d       0x20 ./Core/Inc/fsm.o
 .debug_macro   0x000000000001ed7d      0x2aa ./Core/Inc/read_signals.o
 .debug_macro   0x000000000001f027      0x2c7 ./Core/Src/main.o
 .debug_macro   0x000000000001f2ee       0x40 ./Core/Src/main.o
 .debug_macro   0x000000000001f32e      0x1cf ./Core/Src/stm32l4xx_hal_msp.o
 .debug_macro   0x000000000001f4fd      0x1d9 ./Core/Src/stm32l4xx_it.o
 .debug_macro   0x000000000001f6d6      0x1c0 ./Core/Src/system_stm32l4xx.o
 .debug_macro   0x000000000001f896      0x208 ./Drivers/STM32L4xx_HAL_Driver/Src/stm32l4xx_hal.o
 .debug_macro   0x000000000001fa9e      0x1c0 ./Drivers/STM32L4xx_HAL_Driver/Src/stm32l4xx_hal_cortex.o
 .debug_macro   0x000000000001fc5e      0x1c0 ./Drivers/STM32L4xx_HAL_Driver/Src/stm32l4xx_hal_dma.o
 .debug_macro   0x000000000001fe1e      0x1c7 ./Drivers/STM32L4xx_HAL_Driver/Src/stm32l4xx_hal_gpio.o
 .debug_macro   0x000000000001ffe5      0x1d8 ./Drivers/STM32L4xx_HAL_Driver/Src/stm32l4xx_hal_pwr.o
 .debug_macro   0x00000000000201bd      0x1e4 ./Drivers/STM32L4xx_HAL_Driver/Src/stm32l4xx_hal_pwr_ex.o
 .debug_macro   0x00000000000203a1      0x202 ./Drivers/STM32L4xx_HAL_Driver/Src/stm32l4xx_hal_rcc.o
 .debug_macro   0x00000000000205a3      0x1f6 ./Drivers/STM32L4xx_HAL_Driver/Src/stm32l4xx_hal_rcc_ex.o
 .debug_macro   0x0000000000020799      0x1c1 ./Drivers/STM32L4xx_HAL_Driver/Src/stm32l4xx_hal_tim.o
 .debug_macro   0x000000000002095a      0x1c0 ./Drivers/STM32L4xx_HAL_Driver/Src/stm32l4xx_hal_tim_ex.o
 .debug_macro   0x0000000000020b1a      0x1eb ./Drivers/STM32L4xx_HAL_Driver/Src/stm32l4xx_hal_uart.o
 .debug_macro   0x0000000000020d05      0x1c0 ./Drivers/STM32L4xx_HAL_Driver/Src/stm32l4xx_hal_uart_ex.o

.debug_line     0x0000000000000000    0x12ba5
 .debug_line    0x0000000000000000      0x8fa ./Core/Inc/fsm.o
 .debug_line    0x00000000000008fa      0x839 ./Core/Inc/read_signals.o
 .debug_line    0x0000000000001133      0xb81 ./Core/Src/main.o
 .debug_line    0x0000000000001cb4      0x7f1 ./Core/Src/stm32l4xx_hal_msp.o
 .debug_line    0x00000000000024a5      0x7b7 ./Core/Src/stm32l4xx_it.o
 .debug_line    0x0000000000002c5c      0x75c ./Core/Src/system_stm32l4xx.o
 .debug_line    0x00000000000033b8       0x88 ./Core/Startup/startup_stm32l432kcux.o
 .debug_line    0x0000000000003440      0xa21 ./Drivers/STM32L4xx_HAL_Driver/Src/stm32l4xx_hal.o
 .debug_line    0x0000000000003e61      0xc5b ./Drivers/STM32L4xx_HAL_Driver/Src/stm32l4xx_hal_cortex.o
 .debug_line    0x0000000000004abc      0xc93 ./Drivers/STM32L4xx_HAL_Driver/Src/stm32l4xx_hal_dma.o
 .debug_line    0x000000000000574f      0xaab ./Drivers/STM32L4xx_HAL_Driver/Src/stm32l4xx_hal_gpio.o
 .debug_line    0x00000000000061fa      0x891 ./Drivers/STM32L4xx_HAL_Driver/Src/stm32l4xx_hal_pwr.o
 .debug_line    0x0000000000006a8b      0xbb3 ./Drivers/STM32L4xx_HAL_Driver/Src/stm32l4xx_hal_pwr_ex.o
 .debug_line    0x000000000000763e      0xf6c ./Drivers/STM32L4xx_HAL_Driver/Src/stm32l4xx_hal_rcc.o
 .debug_line    0x00000000000085aa     0x1286 ./Drivers/STM32L4xx_HAL_Driver/Src/stm32l4xx_hal_rcc_ex.o
 .debug_line    0x0000000000009830     0x3af1 ./Drivers/STM32L4xx_HAL_Driver/Src/stm32l4xx_hal_tim.o
 .debug_line    0x000000000000d321     0x1ac2 ./Drivers/STM32L4xx_HAL_Driver/Src/stm32l4xx_hal_tim_ex.o
 .debug_line    0x000000000000ede3     0x31c5 ./Drivers/STM32L4xx_HAL_Driver/Src/stm32l4xx_hal_uart.o
 .debug_line    0x0000000000011fa8      0xbfd ./Drivers/STM32L4xx_HAL_Driver/Src/stm32l4xx_hal_uart_ex.o

.debug_str      0x0000000000000000    0xc8c42
 .debug_str     0x0000000000000000    0xc4295 ./Core/Inc/fsm.o
                                      0xc4620 (size before relaxing)
 .debug_str     0x00000000000c4295       0x4d ./Core/Inc/read_signals.o
                                      0xc3fc7 (size before relaxing)
 .debug_str     0x00000000000c42e2      0xa1b ./Core/Src/main.o
                                      0xc5024 (size before relaxing)
 .debug_str     0x00000000000c4cfd      0x610 ./Core/Src/stm32l4xx_hal_msp.o
                                      0xc207e (size before relaxing)
 .debug_str     0x00000000000c530d      0x102 ./Core/Src/stm32l4xx_it.o
                                      0xc1934 (size before relaxing)
 .debug_str     0x00000000000c540f       0xf2 ./Core/Src/system_stm32l4xx.o
                                      0xc1236 (size before relaxing)
 .debug_str     0x00000000000c5501       0x36 ./Core/Startup/startup_stm32l432kcux.o
                                         0x89 (size before relaxing)
 .debug_str     0x00000000000c5537      0x56e ./Drivers/STM32L4xx_HAL_Driver/Src/stm32l4xx_hal.o
                                      0xc1bc3 (size before relaxing)
 .debug_str     0x00000000000c5aa5      0x31d ./Drivers/STM32L4xx_HAL_Driver/Src/stm32l4xx_hal_cortex.o
                                      0xc1964 (size before relaxing)
 .debug_str     0x00000000000c5dc2      0x253 ./Drivers/STM32L4xx_HAL_Driver/Src/stm32l4xx_hal_dma.o
                                      0xc149d (size before relaxing)
 .debug_str     0x00000000000c6015      0x112 ./Drivers/STM32L4xx_HAL_Driver/Src/stm32l4xx_hal_gpio.o
                                      0xc13aa (size before relaxing)
 .debug_str     0x00000000000c6127      0x333 ./Drivers/STM32L4xx_HAL_Driver/Src/stm32l4xx_hal_pwr.o
                                      0xc1580 (size before relaxing)
 .debug_str     0x00000000000c645a      0x369 ./Drivers/STM32L4xx_HAL_Driver/Src/stm32l4xx_hal_pwr_ex.o
                                      0xc16de (size before relaxing)
 .debug_str     0x00000000000c67c3      0x38c ./Drivers/STM32L4xx_HAL_Driver/Src/stm32l4xx_hal_rcc.o
                                      0xc1836 (size before relaxing)
 .debug_str     0x00000000000c6b4f      0x4f2 ./Drivers/STM32L4xx_HAL_Driver/Src/stm32l4xx_hal_rcc_ex.o
                                      0xc1a96 (size before relaxing)
 .debug_str     0x00000000000c7041      0xd2f ./Drivers/STM32L4xx_HAL_Driver/Src/stm32l4xx_hal_tim.o
                                      0xc2563 (size before relaxing)
 .debug_str     0x00000000000c7d70      0x485 ./Drivers/STM32L4xx_HAL_Driver/Src/stm32l4xx_hal_tim_ex.o
                                      0xc1e87 (size before relaxing)
 .debug_str     0x00000000000c81f5      0x870 ./Drivers/STM32L4xx_HAL_Driver/Src/stm32l4xx_hal_uart.o
                                      0xc1f66 (size before relaxing)
 .debug_str     0x00000000000c8a65      0x1dd ./Drivers/STM32L4xx_HAL_Driver/Src/stm32l4xx_hal_uart_ex.o
                                      0xc1775 (size before relaxing)

.comment        0x0000000000000000       0x50
 .comment       0x0000000000000000       0x50 ./Core/Inc/fsm.o
                                         0x51 (size before relaxing)
 .comment       0x0000000000000050       0x51 ./Core/Inc/read_signals.o
 .comment       0x0000000000000050       0x51 ./Core/Src/main.o
 .comment       0x0000000000000050       0x51 ./Core/Src/stm32l4xx_hal_msp.o
 .comment       0x0000000000000050       0x51 ./Core/Src/stm32l4xx_it.o
 .comment       0x0000000000000050       0x51 ./Core/Src/system_stm32l4xx.o
 .comment       0x0000000000000050       0x51 ./Drivers/STM32L4xx_HAL_Driver/Src/stm32l4xx_hal.o
 .comment       0x0000000000000050       0x51 ./Drivers/STM32L4xx_HAL_Driver/Src/stm32l4xx_hal_cortex.o
 .comment       0x0000000000000050       0x51 ./Drivers/STM32L4xx_HAL_Driver/Src/stm32l4xx_hal_dma.o
 .comment       0x0000000000000050       0x51 ./Drivers/STM32L4xx_HAL_Driver/Src/stm32l4xx_hal_gpio.o
 .comment       0x0000000000000050       0x51 ./Drivers/STM32L4xx_HAL_Driver/Src/stm32l4xx_hal_pwr.o
 .comment       0x0000000000000050       0x51 ./Drivers/STM32L4xx_HAL_Driver/Src/stm32l4xx_hal_pwr_ex.o
 .comment       0x0000000000000050       0x51 ./Drivers/STM32L4xx_HAL_Driver/Src/stm32l4xx_hal_rcc.o
 .comment       0x0000000000000050       0x51 ./Drivers/STM32L4xx_HAL_Driver/Src/stm32l4xx_hal_rcc_ex.o
 .comment       0x0000000000000050       0x51 ./Drivers/STM32L4xx_HAL_Driver/Src/stm32l4xx_hal_tim.o
 .comment       0x0000000000000050       0x51 ./Drivers/STM32L4xx_HAL_Driver/Src/stm32l4xx_hal_tim_ex.o
 .comment       0x0000000000000050       0x51 ./Drivers/STM32L4xx_HAL_Driver/Src/stm32l4xx_hal_uart.o
 .comment       0x0000000000000050       0x51 ./Drivers/STM32L4xx_HAL_Driver/Src/stm32l4xx_hal_uart_ex.o

.debug_frame    0x0000000000000000     0x42a4
 .debug_frame   0x0000000000000000       0x5c ./Core/Inc/fsm.o
 .debug_frame   0x000000000000005c       0x34 ./Core/Inc/read_signals.o
 .debug_frame   0x0000000000000090      0x1a0 ./Core/Src/main.o
 .debug_frame   0x0000000000000230       0xf0 ./Core/Src/stm32l4xx_hal_msp.o
 .debug_frame   0x0000000000000320      0x13c ./Core/Src/stm32l4xx_it.o
 .debug_frame   0x000000000000045c       0x58 ./Core/Src/system_stm32l4xx.o
 .debug_frame   0x00000000000004b4      0x3dc ./Drivers/STM32L4xx_HAL_Driver/Src/stm32l4xx_hal.o
 .debug_frame   0x0000000000000890      0x498 ./Drivers/STM32L4xx_HAL_Driver/Src/stm32l4xx_hal_cortex.o
 .debug_frame   0x0000000000000d28      0x204 ./Drivers/STM32L4xx_HAL_Driver/Src/stm32l4xx_hal_dma.o
 .debug_frame   0x0000000000000f2c      0x14c ./Drivers/STM32L4xx_HAL_Driver/Src/stm32l4xx_hal_gpio.o
 .debug_frame   0x0000000000001078      0x230 ./Drivers/STM32L4xx_HAL_Driver/Src/stm32l4xx_hal_pwr.o
 .debug_frame   0x00000000000012a8      0x4a4 ./Drivers/STM32L4xx_HAL_Driver/Src/stm32l4xx_hal_pwr_ex.o
 .debug_frame   0x000000000000174c      0x21c ./Drivers/STM32L4xx_HAL_Driver/Src/stm32l4xx_hal_rcc.o
 .debug_frame   0x0000000000001968      0x3d0 ./Drivers/STM32L4xx_HAL_Driver/Src/stm32l4xx_hal_rcc_ex.o
 .debug_frame   0x0000000000001d38     0x121c ./Drivers/STM32L4xx_HAL_Driver/Src/stm32l4xx_hal_tim.o
 .debug_frame   0x0000000000002f54      0x6b0 ./Drivers/STM32L4xx_HAL_Driver/Src/stm32l4xx_hal_tim_ex.o
 .debug_frame   0x0000000000003604      0x9f4 ./Drivers/STM32L4xx_HAL_Driver/Src/stm32l4xx_hal_uart.o
 .debug_frame   0x0000000000003ff8      0x1e0 ./Drivers/STM32L4xx_HAL_Driver/Src/stm32l4xx_hal_uart_ex.o
 .debug_frame   0x00000000000041d8       0x2c c:/st/stm32cubeide_1.12.1/stm32cubeide/plugins/com.st.stm32cube.ide.mcu.externaltools.gnu-tools-for-stm32.10.3-2021.10.win32_1.0.200.202301161003/tools/bin/../lib/gcc/arm-none-eabi/10.3.1/../../../../arm-none-eabi/lib/thumb/v7e-m+fp/hard\libc_nano.a(lib_a-init.o)
 .debug_frame   0x0000000000004204       0x20 c:/st/stm32cubeide_1.12.1/stm32cubeide/plugins/com.st.stm32cube.ide.mcu.externaltools.gnu-tools-for-stm32.10.3-2021.10.win32_1.0.200.202301161003/tools/bin/../lib/gcc/arm-none-eabi/10.3.1/../../../../arm-none-eabi/lib/thumb/v7e-m+fp/hard\libc_nano.a(lib_a-memset.o)
 .debug_frame   0x0000000000004224       0x20 c:/st/stm32cubeide_1.12.1/stm32cubeide/plugins/com.st.stm32cube.ide.mcu.externaltools.gnu-tools-for-stm32.10.3-2021.10.win32_1.0.200.202301161003/tools/bin/../lib/gcc/arm-none-eabi/10.3.1/../../../../arm-none-eabi/lib/thumb/v7e-m+fp/hard\libc_nano.a(lib_a-strcmp.o)
 .debug_frame   0x0000000000004244       0x2c c:/st/stm32cubeide_1.12.1/stm32cubeide/plugins/com.st.stm32cube.ide.mcu.externaltools.gnu-tools-for-stm32.10.3-2021.10.win32_1.0.200.202301161003/tools/bin/../lib/gcc/arm-none-eabi/10.3.1/thumb/v7e-m+fp/hard\libgcc.a(_aeabi_uldivmod.o)
 .debug_frame   0x0000000000004270       0x34 c:/st/stm32cubeide_1.12.1/stm32cubeide/plugins/com.st.stm32cube.ide.mcu.externaltools.gnu-tools-for-stm32.10.3-2021.10.win32_1.0.200.202301161003/tools/bin/../lib/gcc/arm-none-eabi/10.3.1/thumb/v7e-m+fp/hard\libgcc.a(_udivmoddi4.o)
