../Core/Src/main.c:95:5:main	8	static
../Core/Src/main.c:164:6:SystemClock_Config	96	static
../Core/Src/main.c:225:13:MX_TIM1_Init	112	static
../Core/Src/main.c:305:13:MX_TIM2_Init	64	static
../Core/Src/main.c:364:13:MX_TIM6_Init	24	static
../Core/Src/main.c:402:13:MX_USART1_UART_Init	8	static
../Core/Src/main.c:437:13:MX_GPIO_Init	40	static
../Core/Src/main.c:489:6:HAL_TIM_PeriodElapsedCallback	16	static
../Core/Src/main.c:498:6:HAL_UART_RxCpltCallback	16	static
../Core/Src/main.c:532:6:main_tick	16	static
../Core/Src/main.c:543:6:status_led	4	static
../Core/Src/main.c:564:6:Error_Handler	4	static,ignoring_inline_asm
