../Core/Src/main.c:96:5:main	8	static
../Core/Src/main.c:160:6:SystemClock_Config	96	static
../Core/Src/main.c:221:13:MX_TIM6_Init	24	static
../Core/Src/main.c:259:13:MX_USART1_UART_Init	8	static
../Core/Src/main.c:294:13:MX_USART2_UART_Init	8	static
../Core/Src/main.c:329:13:MX_GPIO_Init	40	static
../Core/Src/main.c:376:6:HAL_TIM_PeriodElapsedCallback	16	static
../Core/Src/main.c:385:6:HAL_UART_RxCpltCallback	16	static
../Core/Src/main.c:420:6:Open_clamp	16	static
../Core/Src/main.c:430:6:Close_clamp	16	static
../Core/Src/main.c:441:6:main_tick	8	static
../Core/Src/main.c:450:6:status_led	4	static
../Core/Src/main.c:471:6:Error_Handler	4	static,ignoring_inline_asm
